******************************************************************************
                  TI ARM Linker Unix v20.2.6                   
******************************************************************************
>> Linked Mon Jun 20 22:35:34 2022

OUTPUT FILE NAME:   <hello_rtos.out>
ENTRY POINT SYMBOL: "ti_sysbios_family_arm_ducati_Core_reset"  address: 00000011


MEMORY CONFIGURATION

         name            origin    length      used     unused   attr    fill
----------------------  --------  ---------  --------  --------  ----  --------
  L2_ROM                00000000   00004000  00000558  00003aa8  RWIX
  EXT_CODE              00004000   000fc000  00008e5a  000f31a6  RW X
  L2_RAM                20000000   00010000  00000000  00010000  RWIX
  EXT_DATA              80000000   00200000  00043b02  001bc4fe  RW  
  EXT_HEAP              80200000   00300000  00000000  00300000  RW  
  TRACE_BUF             9f000000   00060000  00008000  00058000  RW  
  EXC_DATA              9f060000   00010000  00000000  00010000  RW  
  PM_DATA               9f070000   00020000  00000000  00020000  RW X


SEGMENT ALLOCATION MAP

run origin  load origin   length   init length attrs members
----------  ----------- ---------- ----------- ----- -------
00000000    00000000    00000044   00000044    r-x
  00000000    00000000    00000044   00000044    r-x .ducatiBoot
00000400    00000400    00000140   00000140    r--
  00000400    00000400    00000140   00000140    r-- .resetVecs
00003000    00003000    000003d4   000003d4    rw-
  00003000    00003000    000003d4   000003d4    rw- .resource_table
00004000    00004000    00008e70   00008e70    r-x
  00004000    00004000    0000612b   0000612b    r-x .text.1
  0000a12c    0000a12c    00000004   00000004    r-- .const.1
  0000a130    0000a130    0000015a   0000015a    r-x .text.2
  0000a28c    0000a28c    00000004   00000004    r-- .const.2
  0000a290    0000a290    00000054   00000054    r-x .text.3
  0000a2e4    0000a2e4    00000004   00000004    r-- .const.3
  0000a2e8    0000a2e8    00000054   00000054    r-x .text.4
  0000a33c    0000a33c    00000004   00000004    r-- .const.4
  0000a340    0000a340    00000054   00000054    r-x .text.5
  0000a394    0000a394    00000004   00000004    r-- .const.5
  0000a398    0000a398    000001e4   000001e4    r-x .text.6
  0000a57c    0000a57c    00000004   00000004    r-- .const.6
  0000a580    0000a580    000000e4   000000e4    r-x .text.7
  0000a664    0000a664    00000004   00000004    r-- .const.7
  0000a668    0000a668    00000094   00000094    r-x .text.8
  0000a6fc    0000a6fc    00000004   00000004    r-- .const.8
  0000a700    0000a700    00000164   00000164    r-x .text.9
  0000a864    0000a864    00000004   00000004    r-- .const.9
  0000a868    0000a868    00000044   00000044    r-x .text.10
  0000a8ac    0000a8ac    00000004   00000004    r-- .const.10
  0000a8b0    0000a8b0    00000044   00000044    r-x .text.11
  0000a8f4    0000a8f4    00000004   00000004    r-- .const.11
  0000a8f8    0000a8f8    00000044   00000044    r-x .text.12
  0000a93c    0000a93c    00000004   00000004    r-- .const.12
  0000a940    0000a940    00000044   00000044    r-x .text.13
  0000a984    0000a984    00000004   00000004    r-- .const.13
  0000a988    0000a988    00000044   00000044    r-x .text.14
  0000a9cc    0000a9cc    00000004   00000004    r-- .const.14
  0000a9d0    0000a9d0    0000024c   0000024c    r-x .text.15
  0000ac1c    0000ac1c    00000004   00000004    r-- .const.15
  0000ac20    0000ac20    0000003c   0000003c    r-x .text.16
  0000ac5c    0000ac5c    00000004   00000004    r-- .const.16
  0000ac60    0000ac60    0000003c   0000003c    r-x .text.17
  0000ac9c    0000ac9c    00000004   00000004    r-- .const.17
  0000aca0    0000aca0    0000003c   0000003c    r-x .text.18
  0000acdc    0000acdc    00000004   00000004    r-- .const.18
  0000ace0    0000ace0    0000003c   0000003c    r-x .text.19
  0000ad1c    0000ad1c    00000004   00000004    r-- .const.19
  0000ad20    0000ad20    00000234   00000234    r-x .text.20
  0000af54    0000af54    00000004   00000004    r-- .const.20
  0000af58    0000af58    00000034   00000034    r-x .text.21
  0000af8c    0000af8c    00000004   00000004    r-- .const.21
  0000af90    0000af90    00000034   00000034    r-x .text.22
  0000afc4    0000afc4    00000004   00000004    r-- .const.22
  0000afc8    0000afc8    00000034   00000034    r-x .text.23
  0000affc    0000affc    00000004   00000004    r-- .const.23
  0000b000    0000b000    00000034   00000034    r-x .text.24
  0000b034    0000b034    00000004   00000004    r-- .const.24
  0000b038    0000b038    0000012c   0000012c    r-x .text.25
  0000b164    0000b164    00000004   00000004    r-- .const.25
  0000b168    0000b168    0000020c   0000020c    r-x .text.26
  0000b374    0000b374    00000004   00000004    r-- .const.26
  0000b378    0000b378    000000da   000000da    r-x .text.27
  0000b454    0000b454    00000004   00000004    r-- .const.27
  0000b458    0000b458    0000017c   0000017c    r-x .text.28
  0000b5d4    0000b5d4    00000004   00000004    r-- .const.28
  0000b5d8    0000b5d8    000000ac   000000ac    r-x .text.29
  0000b684    0000b684    00000004   00000004    r-- .const.29
  0000b688    0000b688    000001f4   000001f4    r-x .text.30
  0000b87c    0000b87c    00000004   00000004    r-- .const.30
  0000b880    0000b880    00000054   00000054    r-x .text.31
  0000b8d4    0000b8d4    00000004   00000004    r-- .const.31
  0000b8d8    0000b8d8    0000008c   0000008c    r-x .text.32
  0000b964    0000b964    00000004   00000004    r-- .const.32
  0000b968    0000b968    0000001a   0000001a    r-x .text.33
  0000b984    0000b984    00000004   00000004    r-- .const.33
  0000b988    0000b988    0000001a   0000001a    r-x .text.34
  0000b9a4    0000b9a4    00000004   00000004    r-- .const.34
  0000b9a8    0000b9a8    0000028c   0000028c    r-x .text.35
  0000bc34    0000bc34    00000004   00000004    r-- .const.35
  0000bc38    0000bc38    0000002a   0000002a    r-x .text.36
  0000bc64    0000bc64    00000004   00000004    r-- .const.36
  0000bc68    0000bc68    0000008a   0000008a    r-x .text.37
  0000bcf4    0000bcf4    00000004   00000004    r-- .const.37
  0000bcf8    0000bcf8    0000006c   0000006c    r-x .text.38
  0000bd64    0000bd64    00000004   00000004    r-- .const.38
  0000bd68    0000bd68    0000016c   0000016c    r-x .text.39
  0000bed4    0000bed4    00000004   00000004    r-- .const.39
  0000bed8    0000bed8    0000000c   0000000c    r-x .text.40
  0000bee4    0000bee4    00000004   00000004    r-- .const.40
  0000bee8    0000bee8    0000000c   0000000c    r-x .text.41
  0000bef4    0000bef4    00000004   00000004    r-- .const.41
  0000bef8    0000bef8    0000000c   0000000c    r-x .text.42
  0000bf04    0000bf04    00000004   00000004    r-- .const.42
  0000bf08    0000bf08    0000000c   0000000c    r-x .text.43
  0000bf14    0000bf14    00000004   00000004    r-- .const.43
  0000bf18    0000bf18    0000009c   0000009c    r-x .text.44
  0000bfb4    0000bfb4    00000004   00000004    r-- .const.44
  0000bfb8    0000bfb8    00000044   00000044    r-x .text.45
  0000bffc    0000bffc    00000004   00000004    r-- .const.45
  0000c000    0000c000    00000004   00000004    r-x .text.46
  0000c004    0000c004    00000004   00000004    r-- .const.46
  0000c008    0000c008    00000004   00000004    r-x .text.47
  0000c00c    0000c00c    00000004   00000004    r-- .const.47
  0000c010    0000c010    00000004   00000004    r-x .text.48
  0000c014    0000c014    00000004   00000004    r-- .const.48
  0000c018    0000c018    00000004   00000004    r-x .text.49
  0000c01c    0000c01c    00000004   00000004    r-- .const.49
  0000c020    0000c020    00000004   00000004    r-x .text.50
  0000c024    0000c024    00000004   00000004    r-- .const.50
  0000c028    0000c028    00000004   00000004    r-x .text.51
  0000c02c    0000c02c    00000004   00000004    r-- .const.51
  0000c030    0000c030    00000004   00000004    r-x .text.52
  0000c034    0000c034    00000004   00000004    r-- .const.52
  0000c038    0000c038    00000002   00000002    r-x .text.53
  0000c03c    0000c03c    00000004   00000004    r-- .const.53
  0000c040    0000c040    00000002   00000002    r-x .text.54
  0000c044    0000c044    00000004   00000004    r-- .const.54
  0000c048    0000c048    00000002   00000002    r-x .text.55
  0000c04c    0000c04c    00000b11   00000b11    r-- .const.55
  0000cb60    0000cb60    00000310   00000310    r-- .cinit
80000000    80000000    00043b08   00000000    rw-
  80000000    80000000    00042dc8   00000000    rw- .bss
  80042dc8    80042dc8    0000093a   00000000    rw- .data
  80043708    80043708    00000400   00000000    rw- .stack
9f000000    9f000000    00008000   00000000    rw-
  9f000000    9f000000    00008000   00000000    rw- .tracebuf


SECTION ALLOCATION MAP

 output                                  attributes/
section   page    origin      length       input sections
--------  ----  ----------  ----------   ----------------
.bss       0    80000000    00042dc8     UNINITIALIZED
                  80000000    00040000     (.common:ti_sysbios_heaps_HeapBuf_Instance_State_0_buf__A)
                  80040000    00001800     app_pem4.oem4 (.bss:taskStackSection)
                  80041800    00001000     (.common:ti_sysbios_family_arm_m3_Hwi_vnvic)
                  80042800    00000400     (.common:ti_sysbios_family_arm_ducati_Core_Module_State_0_core1HwiStack__A)
                  80042c00    00000140     (.common:ti_sysbios_family_arm_m3_Hwi_dispatchTable)
                  80042d40    00000080     (.common:xdc_runtime_LoggerBuf_Instance_State_0_entryArr__A)
                  80042dc0    00000004     (.common:endIdx$3)
                  80042dc4    00000004     (.common:startIdx$2)

.neardata 
*          0    80042dc8    00000000     UNINITIALIZED

.rodata    0    80042dc8    00000000     UNINITIALIZED

.stack     0    80043708    00000400     UNINITIALIZED
                  80043708    00000400     --HOLE--

.cinit     0    0000cb60    00000310     
                  0000cb60    000002d9     (.cinit..data.load) [load image, compression = lzss]
                  0000ce39    00000003     --HOLE-- [fill = 0]
                  0000ce3c    0000000c     (__TI_handler_table)
                  0000ce48    00000008     (.cinit..bss.load) [load image, compression = zero_init]
                  0000ce50    00000008     (.cinit..tracebuf.load) [load image, compression = zero_init]
                  0000ce58    00000018     (__TI_cinit_table)

.init_array 
*          0    00004000    00000000     UNINITIALIZED

.tracebuf 
*          0    9f000000    00008000     UNINITIALIZED
                  9f000000    00008000     app_pem4.oem4 (.tracebuf)

.resource_table 
*          0    00003000    000003d4     
                  00003000    000003d4     app_pem4.oem4 (.resource_table)

.bootVecs 
*          0    00000000    00000008     DSECT
                  00000000    00000008     boot.aem4 : boot.oem4 (.bootVecs)

.resetVecs 
*          0    00000400    00000140     
                  00000400    00000140     app_pem4.oem4 (.resetVecs)

.vecs      0    00000400    00000000     DSECT

.ducatiBoot 
*          0    00000000    00000044     
                  00000000    00000044     sysbios.aem4 : ducati_Core_smp_asm.obj (.ducatiBoot)

xdc.meta   0    00004000    000000df     COPY SECTION
                  00004000    000000df     app_pem4.oem4 (xdc.meta)

.text.1    0    00004000    0000612b     
                  00004000    00000a4e     rtsv7M4_T_le_eabi.lib : _printfi.c.obj (.text:__TI_printfi)
                  00004a4e    00000002                           : _lock.c.obj (.text:_nop)
                  00004a50    0000043c     sysbios.aem4 : BIOS.obj (.text:ti_sysbios_family_arm_m3_Hwi_excDumpRegs__I)
                  00004e8c    00000004     rtsv7M4_T_le_eabi.lib : exit.c.obj (.text:abort:abort)
                  00004e90    0000039c     sysbios.aem4 : BIOS.obj (.text:ti_sysbios_heaps_HeapBuf_Instance_init__E)
                  0000522c    0000034c     ti.targets.arm.rtsarm.aem4 : System.oem4 (.text:xdc_runtime_System_doPrint__I)
                  00005578    000002e0     sysbios.aem4 : BIOS.obj (.text:ti_sysbios_knl_Task_schedule__I)
                  00005858    00000290                  : BIOS.obj (.text:ti_sysbios_knl_Semaphore_pend__E)
                  00005ae8    00000278     ti.trace_smp.aem4 : SysMin.oem4 (.text:ti_trace_SysMin_putch__E)
                  00005d60    00000268     rtsv7M4_T_le_eabi.lib : _printfi.c.obj (.text:_pconv_a)
                  00005fc8    00000204     sysbios.aem4 : BIOS.obj (.text:ti_sysbios_heaps_HeapBuf_free__E)
                  000061cc    00000004     app_pem4.oem4 (.text:malloc)
                  000061d0    000001d8     sysbios.aem4 : BIOS.obj (.text:ti_sysbios_hal_unicache_Cache_startup__I)
                  000063a8    000001cc     rtsv7M4_T_le_eabi.lib : _printfi.c.obj (.text:_pconv_g)
                  00006574    000001b6                           : fd_add_t2.asm.obj (.text)
                  0000672a    00000006     ti.targets.arm.rtsarm.aem4 : System.oem4 (.text:xdc_runtime_System_Module_startup__E)
                  00006730    00000188     sysbios.aem4 : BIOS.obj (.text:ti_sysbios_knl_Task_sleep__E)
                  000068b8    00000174                  : BIOS.obj (.text:ti_sysbios_family_arm_m3_Hwi_excBusFault__I)
                  00006a2c    00000004     app_pem4.oem4 (.text:ti_sysbios_BIOS_RtsGateProxy_enter__E)
                  00006a30    00000170     sysbios.aem4 : BIOS.obj (.text:ti_sysbios_timers_dmtimer_Timer_checkFreq__I)
                  00006ba0    0000016c                  : BIOS.obj (.text:ti_sysbios_family_arm_m3_Hwi_updateNvic__I)
                  00006d0c    00000004     app_pem4.oem4 (.text:ti_sysbios_BIOS_RtsGateProxy_leave__E)
                  00006d10    00000164     sysbios.aem4 : BIOS.obj (.text:ti_sysbios_family_arm_m3_Hwi_excUsageFault__I)
                  00006e74    00000004     app_pem4.oem4 (.text:ti_sysbios_family_arm_m3_TaskSupport_Module__startupDone__S)
                  00006e78    00000164     sysbios.aem4 : BIOS.obj (.text:ti_sysbios_heaps_HeapBuf_alloc__E)
                  00006fdc    00000004     app_pem4.oem4 (.text:ti_sysbios_knl_Clock_TimerProxy_getMaxTicks__E)
                  00006fe0    00000158     sysbios.aem4 : BIOS.obj (.text:ti_sysbios_family_arm_m3_Hwi_Module_startup__E)
                  00007138    00000150                  : BIOS.obj (.text:ti_sysbios_family_arm_ducati_Core_hwiFunc__I)
                  00007288    0000014c                  : BIOS.obj (.text:ti_sysbios_knl_Task_startCore__E)
                  000073d4    00000004     app_pem4.oem4 (.text:ti_sysbios_knl_Queue_destruct)
                  000073d8    00000148     sysbios.aem4 : BIOS.obj (.text:ti_sysbios_family_arm_m3_Hwi_excMemFault__I)
                  00007520    00000144     ti.targets.arm.rtsarm.aem4 : HeapStd.oem4 (.text:xdc_runtime_HeapStd_alloc__E)
                  00007664    0000013c     rtsv7M4_T_le_eabi.lib : _printfi.c.obj (.text:_pconv_e)
                  000077a0    00000138     ti.targets.arm.rtsarm.aem4 : LoggerBuf.oem4 (.text:xdc_runtime_LoggerBuf_write8__E)
                  000078d8    00000136     rtsv7M4_T_le_eabi.lib : fd_div_t2.asm.obj (.text)
                  00007a0e    00000002     app_pem4.oem4 (.text:free)
                  00007a10    0000012c     sysbios.aem4 : BIOS.obj (.text:ti_sysbios_timers_dmtimer_Timer_deviceConfig__I)
                  00007b3c    00000120     rtsv7M4_T_le_eabi.lib : _printfi.c.obj (.text:fcvt)
                  00007c5c    00000004     app_pem4.oem4 (.text:ti_sysbios_knl_Semaphore_destruct)
                  00007c60    00000118     sysbios.aem4 : BIOS.obj (.text:ti_sysbios_family_arm_m3_Hwi_excHandlerMax__I)
                  00007d78    00000118     ti.targets.arm.rtsarm.aem4 : Error.oem4 (.text:xdc_runtime_Error_policyDefault__E)
                  00007e90    00000114     sysbios.aem4 : BIOS.obj (.text:ti_sysbios_family_arm_m3_Hwi_excFillContext__I)
                  00007fa4    00000100     ti.targets.arm.rtsarm.aem4 : Core-mem.oem4 (.text:xdc_runtime_Core_createObject__I)
                  000080a4    000000fc     rtsv7M4_T_le_eabi.lib : fd_mul_t2.asm.obj (.text)
                  000081a0    000000f8     ti.targets.arm.rtsarm.aem4 : Startup.oem4 (.text:xdc_runtime_Startup_startMods__I)
                  00008298    000000f8     app_pem4.oem4 (.text:xdc_runtime_System_printfExtend__I)
                  00008390    000000e8     sysbios.aem4 : BIOS.obj (.text:ti_sysbios_knl_Semaphore_post__E)
                  00008478    000000e4                  : BIOS.obj (.text:ti_sysbios_family_arm_m3_Hwi_initNVIC__E)
                  0000855c    000000d4     ti.targets.arm.rtsarm.aem4 : LoggerBuf.oem4 (.text:xdc_runtime_LoggerBuf_write4__E)
                  00008630    000000d0     rtsv7M4_T_le_eabi.lib : s_scalbn.c.obj (.text:scalbn)
                  00008700    000000cc     ti.targets.arm.rtsarm.aem4 : Core-smem.oem4 (.text:xdc_runtime_Core_constructObject__I)
                  000087cc    000000cc                                : HeapStd.oem4 (.text:xdc_runtime_HeapStd_Instance_init__E)
                  00008898    000000c8     sysbios.aem4 : m3_Hwi_asm.obj (.text:ti_sysbios_family_arm_m3_Hwi_dispatch__I)
                  00008960    000000c8                  : BIOS.obj (.text:ti_sysbios_timers_dmtimer_Timer_setPeriodMicroSecs__E)
                  00008a28    000000bc                  : BIOS.obj (.text:ti_sysbios_family_arm_m3_Hwi_excDebugMon__I)
                  00008ae4    00000004     ti.targets.arm.rtsarm.aem4 : Error.oem4 (.text:xdc_runtime_Error_getSite__E)
                  00008ae8    000000bc     sysbios.aem4 : BIOS.obj (.text:ti_sysbios_family_arm_m3_Hwi_excHardFault__I)
                  00008ba4    00000004     ti.targets.arm.rtsarm.aem4 : HeapStd.oem4 (.text:xdc_runtime_HeapStd_isBlocking__E)
                  00008ba8    000000b4     sysbios.aem4 : BIOS.obj (.text:ti_sysbios_gates_GateMutex_enter__E)
                  00008c5c    00000004     app_pem4.oem4 (.text:xdc_runtime_LoggerBuf_Module_GateProxy_enter__E)
                  00008c60    000000b4     sysbios.aem4 : BIOS.obj (.text:ti_sysbios_knl_Task_Module_startup__E)
                  00008d14    00000004     app_pem4.oem4 (.text:xdc_runtime_LoggerBuf_Module_GateProxy_leave__E)
                  00008d18    000000b4     sysbios.aem4 : BIOS.obj (.text:ti_sysbios_knl_Task_blockI__E)
                  00008dcc    00000004     app_pem4.oem4 (.text:xdc_runtime_System_Module_GateProxy_enter__E)
                  00008dd0    000000b4     sysbios.aem4 : BIOS.obj (.text:ti_sysbios_knl_Task_checkStacks__E)
                  00008e84    000000b1     rtsv7M4_T_le_eabi.lib : _printfi.c.obj (.text:_ltostr)
                  00008f35    00000001     --HOLE-- [fill = 0]
                  00008f36    00000002                           : div0.asm.obj (.text)
                  00008f38    000000b0     sysbios.aem4 : BIOS.obj (.text:ti_sysbios_family_arm_ducati_GateSmp_enter__E)
                  00008fe8    000000a8     ti.targets.arm.rtsarm.aem4 : HeapStd.oem4 (.text:xdc_runtime_HeapStd_free__E)
                  00009090    000000a4     sysbios.aem4 : BIOS.obj (.text:ti_sysbios_knl_Task_unblockI__E)
                  00009134    000000a0     auto_init.aem4 : auto_init.oem4 (.text)
                  000091d4    000000a0     ti.targets.arm.rtsarm.aem4 : Text.oem4 (.text:xdc_runtime_Text_putMod__E)
                  00009274    0000009c     rtsv7M4_T_le_eabi.lib : memcpy_t2.asm.obj (.text)
                  00009310    0000009c     sysbios.aem4 : BIOS.obj (.text:ti_sysbios_knl_Semaphore_Instance_init__E)
                  000093ac    0000009c     ti.targets.arm.rtsarm.aem4 : LoggerBuf.oem4 (.text:xdc_runtime_LoggerBuf_setFilterLevel__E)
                  00009448    0000009a                                : Text.oem4 (.text:xdc_runtime_Text_putSite__E)
                  000094e2    00000096     rtsv7M4_T_le_eabi.lib : ull_div_t2.asm.obj (.text)
                  00009578    00000090     sysbios.aem4 : BIOS.obj (.text:ti_sysbios_family_arm_ducati_Core_atexit__I)
                  00009608    0000008c                  : BIOS.obj (.text:ti_sysbios_knl_Task_postInit__I)
                  00009694    00000004     app_pem4.oem4 (.text:xdc_runtime_System_Module_GateProxy_leave__E)
                  00009698    0000008c     sysbios.aem4 : BIOS.obj (.text:ti_sysbios_timers_dmtimer_Timer_start__E)
                  00009724    00000086     rtsv7M4_T_le_eabi.lib : fd_cmp_t2.asm.obj (.text:__aeabi_cdcmple)
                  000097aa    00000086                           : fd_cmp_t2.asm.obj (.text:__aeabi_cdrcmple)
                  00009830    0000007c     sysbios.aem4 : BIOS.obj (.text:ti_sysbios_family_arm_m3_Hwi_dispatchC__I)
                  000098ac    0000007a     rtsv7M4_T_le_eabi.lib : memset_t2.asm.obj (.text)
                  00009926    00000002     app_pem4.oem4 (.text:ti_sysbios_BIOS_nullFunc__I)
                  00009928    00000074     sysbios.aem4 : BIOS.obj (.text:ti_sysbios_knl_Swi_run__I)
                  0000999c    00000074     ti.targets.arm.rtsarm.aem4 : LoggerBuf.oem4 (.text:xdc_runtime_LoggerBuf_getFilterLevel__E)
                  00009a10    00000070     sysbios.aem4 : BIOS.obj (.text:ti_sysbios_knl_Clock_workFunc__E)
                  00009a80    0000006e     rtsv7M4_T_le_eabi.lib : _printfi.c.obj (.text:_mcpy)
                  00009aee    00000002     ti.trace_smp.aem4 : SysMin.oem4 (.text:ti_trace_SysMin_exit__E)
                  00009af0    0000006c     sysbios.aem4 : BIOS.obj (.text:ti_sysbios_family_arm_m3_Hwi_postInit__I)
                  00009b5c    0000006c     ti.targets.arm.rtsarm.aem4 : Error.oem4 (.text:xdc_runtime_Error_print__E)
                  00009bc8    0000006c                                : Memory.oem4 (.text:xdc_runtime_Memory_alloc__E)
                  00009c34    00000068     rtsv7M4_T_le_eabi.lib : copy_decompress_lzss.c.obj (.text:decompress:lzss:__TI_decompress_lzss)
                  00009c9c    00000004     ti.targets.arm.rtsarm.aem4 : System.oem4 (.text:xdc_runtime_System_aprintf_va__F)
                  00009ca0    00000068     sysbios.aem4 : BIOS.obj (.text:ti_sysbios_knl_Swi_restoreHwi__E)
                  00009d08    00000066     ti.targets.arm.rtsarm.aem4 : Core-mem.oem4 (.text:xdc_runtime_Core_deleteObject__I)
                  00009d6e    00000002     --HOLE-- [fill = 0]
                  00009d70    00000064     sysbios.aem4 : BIOS.obj (.text:ti_sysbios_family_arm_m3_Hwi_disableInterrupt__E)
                  00009dd4    00000004     ti.targets.arm.rtsarm.aem4 : System.oem4 (.text:xdc_runtime_System_printf_va__F)
                  00009dd8    00000064     sysbios.aem4 : BIOS.obj (.text:ti_sysbios_family_arm_m3_Hwi_enableInterrupt__E)
                  00009e3c    00000064     ti.targets.arm.rtsarm.aem4 : System.oem4 (.text:xdc_runtime_System_formatNum__I)
                  00009ea0    00000060     sysbios.aem4 : BIOS.obj (.text:ti_sysbios_knl_Swi_post__E)
                  00009f00    0000005e     main.obj (.text)
                  00009f5e    00000002     --HOLE-- [fill = 0]
                  00009f60    0000005c     rtsv7M4_T_le_eabi.lib : s_frexp.c.obj (.text:frexp)
                  00009fbc    0000005c     app_pem4.oem4 (.text:ti_sysbios_heaps_HeapBuf_Object__create__S)
                  0000a018    0000005c     sysbios.aem4 : BIOS.obj (.text:ti_sysbios_timers_dmtimer_Timer_initDevice__I)
                  0000a074    0000005c     app_pem4.oem4 (.text:xdc_runtime_LoggerBuf_Object__create__S)
                  0000a0d0    0000005b     ti.targets.arm.rtsarm.aem4 : Text.oem4 (.text:xdc_runtime_Text_putLab__E)

.const.1   0    0000a12c    00000004     
                  0000a12c    00000004     app_pem4.oem4 (.const:ti_sysbios_family_arm_ducati_Core_core1HwiStackSize__C)

.text.2    0    0000a130    0000015a     
                  0000a130    00000058     sysbios.aem4 : BIOS.obj (.text:ti_sysbios_knl_Swi_schedule__I)
                  0000a188    00000058     app_pem4.oem4 (.text:xdc_runtime_HeapStd_Object__create__S)
                  0000a1e0    00000056     rtsv7M4_T_le_eabi.lib : _printfi.c.obj (.text:_pconv_f)
                  0000a236    00000054                           : _ltoa.c.obj (.text:__TI_ltoa)

.const.2   0    0000a28c    00000004     
                  0000a28c    00000004     app_pem4.oem4 (.const:ti_sysbios_family_arm_ducati_Core_gate__C)

.text.3    0    0000a290    00000054     
                  0000a290    00000054     sysbios.aem4 : BIOS.obj (.text:ti_sysbios_family_arm_m3_Hwi_enableFxn__E)

.const.3   0    0000a2e4    00000004     
                  0000a2e4    00000004     app_pem4.oem4 (.const:ti_sysbios_family_arm_ducati_GateSmp_Module__diagsEnabled__C)

.text.4    0    0000a2e8    00000054     
                  0000a2e8    00000054     sysbios.aem4 : BIOS.obj (.text:ti_sysbios_family_arm_m3_Hwi_getCoreStackInfo__E)

.const.4   0    0000a33c    00000004     
                  0000a33c    00000004     app_pem4.oem4 (.const:ti_sysbios_family_arm_ducati_GateSmp_Module__diagsIncluded__C)

.text.5    0    0000a340    00000054     
                  0000a340    00000054     sysbios.aem4 : BIOS.obj (.text:ti_sysbios_heaps_HeapBuf_Module_startup__E)

.const.5   0    0000a394    00000004     
                  0000a394    00000004     app_pem4.oem4 (.const:ti_sysbios_family_arm_ducati_GateSmp_Module__diagsMask__C)

.text.6    0    0000a398    000001e4     
                  0000a398    00000054     sysbios.aem4 : BIOS.obj (.text:ti_sysbios_timers_dmtimer_Timer_Module_startup__E)
                  0000a3ec    00000054     ti.targets.arm.rtsarm.aem4 : Assert.oem4 (.text:xdc_runtime_Assert_raise__I)
                  0000a440    00000052     rtsv7M4_T_le_eabi.lib : _printfi.c.obj (.text:_ecpy)
                  0000a492    00000002     --HOLE-- [fill = 0]
                  0000a494    00000050     ti.targets.arm.rtsarm.aem4 : Startup.oem4 (.text:xdc_runtime_Startup_exec__E)
                  0000a4e4    0000004c     rtsv7M4_T_le_eabi.lib : atoi.c.obj (.text:atoi)
                  0000a530    0000004c                           : cpy_tbl.c.obj (.text:copy_in)

.const.6   0    0000a57c    00000004     
                  0000a57c    00000004     app_pem4.oem4 (.const:ti_sysbios_family_arm_ducati_Timer_startupNeeded__C)

.text.7    0    0000a580    000000e4     
                  0000a580    0000004c     sysbios.aem4 : BIOS.obj (.text:ti_sysbios_family_arm_ducati_TimestampProvider_Module_startup__E)
                  0000a5cc    0000004c                  : m3_TaskSupport_asm.obj (.text:ti_sysbios_family_arm_m3_TaskSupport_buildTaskStack)
                  0000a618    0000004c                  : BIOS.obj (.text:ti_sysbios_knl_Swi_restore__E)

.const.7   0    0000a664    00000004     
                  0000a664    00000004     app_pem4.oem4 (.const:ti_sysbios_family_arm_m3_Hwi_E_NMI__C)

.text.8    0    0000a668    00000094     
                  0000a668    0000004c     sysbios.aem4 : BIOS.obj (.text:ti_sysbios_knl_Swi_runLoop__I)
                  0000a6b4    00000048     rtsv7M4_T_le_eabi.lib : fd_toi_t2.asm.obj (.text)

.const.8   0    0000a6fc    00000004     
                  0000a6fc    00000004     app_pem4.oem4 (.const:ti_sysbios_family_arm_m3_Hwi_E_busFault__C)

.text.9    0    0000a700    00000164     
                  0000a700    00000048     sysbios.aem4 : BIOS.obj (.text:ti_sysbios_family_arm_m3_Hwi_excReserved__I)
                  0000a748    00000048                  : m3_Hwi_asm_switch.obj (.text:ti_sysbios_family_arm_m3_Hwi_initStacks__E)
                  0000a790    00000048                  : BIOS.obj (.text:ti_sysbios_knl_Task_allBlockedFunction__I)
                  0000a7d8    00000046     ti.targets.arm.rtsarm.aem4 : Core-params.oem4 (.text:xdc_runtime_Core_assignParams__I)
                  0000a81e    00000002     --HOLE-- [fill = 0]
                  0000a820    00000044     boot.aem4 : boot.oem4 (.text)

.const.9   0    0000a864    00000004     
                  0000a864    00000004     app_pem4.oem4 (.const:ti_sysbios_family_arm_m3_Hwi_E_debugMon__C)

.text.10   0    0000a868    00000044     
                  0000a868    00000044     sysbios.aem4 : BIOS.obj (.text:ti_sysbios_family_arm_ducati_Core_unlock__E)

.const.10 
*          0    0000a8ac    00000004     
                  0000a8ac    00000004     app_pem4.oem4 (.const:ti_sysbios_family_arm_m3_Hwi_E_hardFault__C)

.text.11   0    0000a8b0    00000044     
                  0000a8b0    00000044     sysbios.aem4 : BIOS.obj (.text:ti_sysbios_family_arm_ducati_Timer_Module_startup__E)

.const.11 
*          0    0000a8f4    00000004     
                  0000a8f4    00000004     app_pem4.oem4 (.const:ti_sysbios_family_arm_m3_Hwi_E_memFault__C)

.text.12   0    0000a8f8    00000044     
                  0000a8f8    00000044     sysbios.aem4 : BIOS.obj (.text:ti_sysbios_family_arm_ducati_TimestampProvider_get32__E)

.const.12 
*          0    0000a93c    00000004     
                  0000a93c    00000004     app_pem4.oem4 (.const:ti_sysbios_family_arm_m3_Hwi_E_noIsr__C)

.text.13   0    0000a940    00000044     
                  0000a940    00000044     sysbios.aem4 : BIOS.obj (.text:ti_sysbios_family_arm_m3_Hwi_setPriority__E)

.const.13 
*          0    0000a984    00000004     
                  0000a984    00000004     app_pem4.oem4 (.const:ti_sysbios_family_arm_m3_Hwi_E_reserved__C)

.text.14   0    0000a988    00000044     
                  0000a988    00000044     sysbios.aem4 : BIOS.obj (.text:ti_sysbios_knl_Idle_run__E)

.const.14 
*          0    0000a9cc    00000004     
                  0000a9cc    00000004     app_pem4.oem4 (.const:ti_sysbios_family_arm_m3_Hwi_E_svCall__C)

.text.15   0    0000a9d0    0000024c     
                  0000a9d0    00000044     sysbios.aem4 : BIOS.obj (.text:ti_sysbios_timers_dmtimer_Timer_startup__E)
                  0000aa14    00000044     ti.targets.arm.rtsarm.aem4 : Error.oem4 (.text:xdc_runtime_Error_setX__E)
                  0000aa58    00000044                                : LoggerBuf.oem4 (.text:xdc_runtime_LoggerBuf_filterOutEvent__I)
                  0000aa9c    00000044                                : Text.oem4 (.text:xdc_runtime_Text_xprintf__I)
                  0000aae0    00000040     rtsv7M4_T_le_eabi.lib : u_divt2.asm.obj (.text)
                  0000ab20    00000040                           : sprintf.c.obj (.text:sprintf)
                  0000ab60    00000040     sysbios.aem4 : BIOS.obj (.text:ti_sysbios_family_arm_ducati_Core_core1Startup__I)
                  0000aba0    0000003e     rtsv7M4_T_le_eabi.lib : _printfi.c.obj (.text:_fcpy)
                  0000abde    00000002     --HOLE-- [fill = 0]
                  0000abe0    0000003c     sysbios.aem4 : BIOS.obj (.text:ti_sysbios_family_arm_ducati_Timer_start__E)

.const.15 
*          0    0000ac1c    00000004     
                  0000ac1c    00000004     app_pem4.oem4 (.const:ti_sysbios_family_arm_m3_Hwi_E_usageFault__C)

.text.16   0    0000ac20    0000003c     
                  0000ac20    0000003c     sysbios.aem4 : BIOS.obj (.text:ti_sysbios_family_arm_m3_Hwi_excSvCall__I)

.const.16 
*          0    0000ac5c    00000004     
                  0000ac5c    00000004     app_pem4.oem4 (.const:ti_sysbios_family_arm_m3_Hwi_NUM_INTERRUPTS__C)

.text.17   0    0000ac60    0000003c     
                  0000ac60    0000003c     sysbios.aem4 : BIOS.obj (.text:ti_sysbios_hal_Hwi_checkStack)

.const.17 
*          0    0000ac9c    00000004     
                  0000ac9c    00000004     app_pem4.oem4 (.const:ti_sysbios_family_arm_m3_Hwi_Object__count__C)

.text.18   0    0000aca0    0000003c     
                  0000aca0    0000003c     sysbios.aem4 : BIOS.obj (.text:ti_sysbios_heaps_HeapBuf_postInit__I)

.const.18 
*          0    0000acdc    00000004     
                  0000acdc    00000004     app_pem4.oem4 (.const:ti_sysbios_family_arm_m3_Hwi_ccr__C)

.text.19   0    0000ace0    0000003c     
                  0000ace0    0000003c     sysbios.aem4 : BIOS.obj (.text:ti_sysbios_knl_Task_restore__E)

.const.19 
*          0    0000ad1c    00000004     
                  0000ad1c    00000004     app_pem4.oem4 (.const:ti_sysbios_family_arm_m3_Hwi_disablePriority__C)

.text.20   0    0000ad20    00000234     
                  0000ad20    0000003c     sysbios.aem4 : BIOS.obj (.text:ti_sysbios_timers_dmtimer_Timer_stop__E)
                  0000ad5c    0000003a     ti.targets.arm.rtsarm.aem4 : LoggerBuf.oem4 (.text:xdc_runtime_LoggerBuf_Instance_init__E)
                  0000ad96    00000002     --HOLE-- [fill = 0]
                  0000ad98    00000038     sysbios.aem4 : BIOS.obj (.text:ti_sysbios_family_arm_ducati_TimestampProvider_get64__E)
                  0000add0    00000038                  : BIOS.obj (.text:ti_sysbios_family_arm_ducati_Wugen_enableInterrupt__E)
                  0000ae08    00000038                  : BIOS.obj (.text:ti_sysbios_family_arm_m3_Hwi_excNoIsr__I)
                  0000ae40    00000038                  : BIOS.obj (.text:ti_sysbios_hal_Hwi_initStack)
                  0000ae78    00000038                  : BIOS.obj (.text:ti_sysbios_timers_dmtimer_Timer_postInit__I)
                  0000aeb0    00000038     ti.targets.arm.rtsarm.aem4 : System.oem4 (.text:xdc_runtime_System_atexit__E)
                  0000aee8    00000036     sysbios.aem4 : BIOS.obj (.text:ti_sysbios_knl_Task_exit__E)
                  0000af1e    00000002     --HOLE-- [fill = 0]
                  0000af20    00000034     app_pem4.oem4 (.text:ti_sysbios_BIOS_startFunc__I)

.const.20 
*          0    0000af54    00000004     
                  0000af54    00000004     app_pem4.oem4 (.const:ti_sysbios_family_arm_m3_Hwi_excHandlerFunc__C)

.text.21   0    0000af58    00000034     
                  0000af58    00000034     sysbios.aem4 : BIOS.obj (.text:ti_sysbios_family_arm_ducati_Timer_initDevice__I)

.const.21 
*          0    0000af8c    00000004     
                  0000af8c    00000004     app_pem4.oem4 (.const:ti_sysbios_family_arm_m3_Hwi_excHookFuncs__C)

.text.22   0    0000af90    00000034     
                  0000af90    00000034     sysbios.aem4 : BIOS.obj (.text:ti_sysbios_family_arm_m3_Hwi_clearInterrupt__E)

.const.22 
*          0    0000afc4    00000004     
                  0000afc4    00000004     app_pem4.oem4 (.const:ti_sysbios_family_arm_m3_Hwi_nullIsrFunc__C)

.text.23   0    0000afc8    00000034     
                  0000afc8    00000034     sysbios.aem4 : BIOS.obj (.text:ti_sysbios_family_arm_m3_Hwi_excNmi__I)

.const.23 
*          0    0000affc    00000004     
                  0000affc    00000004     app_pem4.oem4 (.const:ti_sysbios_family_arm_m3_Hwi_priGroup__C)

.text.24   0    0000b000    00000034     
                  0000b000    00000034     sysbios.aem4 : BIOS.obj (.text:ti_sysbios_knl_Swi_restoreSMP__I)

.const.24 
*          0    0000b034    00000004     
                  0000b034    00000004     app_pem4.oem4 (.const:ti_sysbios_gates_GateMutex_A_badContext__C)

.text.25   0    0000b038    0000012c     
                  0000b038    00000034     sysbios.aem4 : BIOS.obj (.text:ti_sysbios_knl_Task_restoreHwi__E)
                  0000b06c    00000034     ti.targets.arm.rtsarm.aem4 : Core-label.oem4 (.text:xdc_runtime_Core_assignLabel__I)
                  0000b0a0    00000033                                : Text.oem4 (.text:xdc_runtime_Text_printVisFxn__I)
                  0000b0d3    00000001     --HOLE-- [fill = 0]
                  0000b0d4    00000030     app_pem4.oem4 (.text:ti_ipc_remoteproc_Resource_init__I)
                  0000b104    00000030     app_pem4.oem4 (.text:ti_sysbios_BIOS_atExitFunc__I)
                  0000b134    00000030     app_pem4.oem4 (.text:ti_sysbios_family_arm_ducati_GateSmp_Object__create__S)

.const.25 
*          0    0000b164    00000004     
                  0000b164    00000004     app_pem4.oem4 (.const:ti_sysbios_gates_GateMutex_Instance_State_sem__O)

.text.26   0    0000b168    0000020c     
                  0000b168    00000030     sysbios.aem4 : BIOS.obj (.text:ti_sysbios_family_arm_ducati_Timer_startup__E)
                  0000b198    00000030                  : BIOS.obj (.text:ti_sysbios_family_arm_m3_TaskSupport_start__E)
                  0000b1c8    00000030     app_pem4.oem4 (.text:ti_sysbios_gates_GateHwi_Object__create__S)
                  0000b1f8    00000030     app_pem4.oem4 (.text:ti_sysbios_gates_GateMutex_Object__create__S)
                  0000b228    00000030     app_pem4.oem4 (.text:ti_sysbios_knl_Semaphore_construct)
                  0000b258    00000030     sysbios.aem4 : BIOS.obj (.text:ti_sysbios_knl_Semaphore_pendTimeout__I)
                  0000b288    00000030                  : BIOS.obj (.text:ti_sysbios_knl_Task_processVitalTaskFlag__I)
                  0000b2b8    00000030                  : BIOS.obj (.text:ti_sysbios_knl_Task_self__E)
                  0000b2e8    00000030     ti.targets.arm.rtsarm.aem4 : System.oem4 (.text:xdc_runtime_System_processAtExit__E)
                  0000b318    0000002e     rtsv7M4_T_le_eabi.lib : i_tofd_t2.asm.obj (.text)
                  0000b346    00000002     --HOLE-- [fill = 0]
                  0000b348    0000002c     sysbios.aem4 : BIOS.obj (.text:ti_sysbios_family_arm_ducati_Core_startCore1__I)

.const.26 
*          0    0000b374    00000004     
                  0000b374    00000004     app_pem4.oem4 (.const:ti_sysbios_gates_GateMutex_Module__diagsEnabled__C)

.text.27   0    0000b378    000000da     
                  0000b378    0000002c     sysbios.aem4 : BIOS.obj (.text:ti_sysbios_heaps_HeapBuf_getStats__E)
                  0000b3a4    0000002c     app_pem4.oem4 (.text:ti_sysbios_knl_Clock_doTick__I)
                  0000b3d0    0000002c     app_pem4.oem4 (.text:ti_sysbios_knl_Queue_construct)
                  0000b3fc    0000002c     ti.targets.arm.rtsarm.aem4 : Text.oem4 (.text:xdc_runtime_Text_cordText__E)
                  0000b428    0000002a                                : System.oem4 (.text:xdc_runtime_System_putchar__I)

.const.27 
*          0    0000b454    00000004     
                  0000b454    00000004     app_pem4.oem4 (.const:ti_sysbios_gates_GateMutex_Module__diagsIncluded__C)

.text.28   0    0000b458    0000017c     
                  0000b458    00000028     sysbios.aem4 : BIOS.obj (.text:ti_sysbios_family_arm_ducati_TimestampProvider_getFreq__E)
                  0000b480    00000028                  : BIOS.obj (.text:ti_sysbios_knl_Clock_addI__E)
                  0000b4a8    00000028                  : BIOS.obj (.text:ti_sysbios_knl_Swi_Module_startup__E)
                  0000b4d0    00000028     ti.targets.arm.rtsarm.aem4 : LoggerBuf.oem4 (.text:xdc_runtime_LoggerBuf_Module_startup__E)
                  0000b4f8    00000026                                : System.oem4 (.text:xdc_runtime_System_avprintf__E)
                  0000b51e    00000002     --HOLE-- [fill = 0]
                  0000b520    00000024     sysbios.aem4 : BIOS.obj (.text:ti_sysbios_BIOS_getThreadType__E)
                  0000b544    00000024     app_pem4.oem4 (.text:ti_sysbios_BIOS_registerRTSLock__I)
                  0000b568    00000024     app_pem4.oem4 (.text:ti_sysbios_BIOS_removeRTSLock__I)
                  0000b58c    00000024     sysbios.aem4 : m3_Hwi_asm.obj (.text:ti_sysbios_family_arm_m3_Hwi_pendSV__I)
                  0000b5b0    00000024     app_pem4.oem4 (.text:ti_sysbios_gates_GateMutex_Object__delete__S)

.const.28 
*          0    0000b5d4    00000004     
                  0000b5d4    00000004     app_pem4.oem4 (.const:ti_sysbios_gates_GateMutex_Module__diagsMask__C)

.text.29   0    0000b5d8    000000ac     
                  0000b5d8    00000024     sysbios.aem4 : BIOS.obj (.text:ti_sysbios_knl_Clock_Module_startup__E)
                  0000b5fc    00000024     ti.targets.arm.rtsarm.aem4 : System.oem4 (.text:xdc_runtime_System_vprintf__E)
                  0000b620    00000022     sysbios.aem4 : BIOS.obj (.text:ti_sysbios_family_arm_ducati_Timer_postInit__I)
                  0000b642    00000002     --HOLE-- [fill = 0]
                  0000b644    00000020     app_pem4.oem4 (.text:ti_sysbios_BIOS_rtsLock__I)
                  0000b664    00000020     app_pem4.oem4 (.text:ti_sysbios_family_arm_ducati_GateSmp_Object__delete__S)

.const.29 
*          0    0000b684    00000004     
                  0000b684    00000004     app_pem4.oem4 (.const:ti_sysbios_hal_Hwi_E_stackOverflow__C)

.text.30   0    0000b688    000001f4     
                  0000b688    00000020     sysbios.aem4 : BIOS.obj (.text:ti_sysbios_family_arm_ducati_Timer_setPeriod__E)
                  0000b6a8    00000020                  : BIOS.obj (.text:ti_sysbios_family_arm_ducati_Timer_stop__E)
                  0000b6c8    00000020                  : m3_Hwi_asm.obj (.text:ti_sysbios_family_arm_m3_Hwi_excHandlerAsm__I)
                  0000b6e8    00000020     app_pem4.oem4 (.text:ti_sysbios_gates_GateHwi_Object__delete__S)
                  0000b708    00000020     app_pem4.oem4 (.text:ti_sysbios_heaps_HeapBuf_Object__delete__S)
                  0000b728    00000020     sysbios.aem4 : BIOS.obj (.text:ti_sysbios_knl_Queue_put__E)
                  0000b748    00000020     app_pem4.oem4 (.text:ti_sysbios_knl_Semaphore_Object__destruct__S)
                  0000b768    00000020     ti.trace_smp.aem4 : SysMin.oem4 (.text:ti_trace_SysMin_Module_startup__E)
                  0000b788    00000020                       : SysMin.oem4 (.text:ti_trace_SysMin_abort__E)
                  0000b7a8    00000020     app_pem4.oem4 (.text:xdc_runtime_LoggerBuf_Object__delete__S)
                  0000b7c8    00000020     ti.targets.arm.rtsarm.aem4 : LoggerBuf.oem4 (.text:xdc_runtime_LoggerBuf_reset__E)
                  0000b7e8    00000020                                : Registry.oem4 (.text:xdc_runtime_Registry_findById__E)
                  0000b808    0000001e     app_pem4.oem4 (.text:ti_sysbios_BIOS_errorRaiseHook__I)
                  0000b826    0000001e     sysbios.aem4 : m3_Hwi_asm_switch.obj (.text:ti_sysbios_family_xxx_Hwi_switchAndRunFunc)
                  0000b844    0000001c     rtsv7M4_T_le_eabi.lib : memccpy.c.obj (.text:memccpy)
                  0000b860    0000001c     sysbios.aem4 : BIOS.obj (.text:ti_sysbios_family_arm_ducati_GateSmp_leave__E)

.const.30 
*          0    0000b87c    00000004     
                  0000b87c    00000004     app_pem4.oem4 (.const:ti_sysbios_hal_ammu_AMMU_numLargePages__C)

.text.31   0    0000b880    00000054     
                  0000b880    0000001c     sysbios.aem4 : BIOS.obj (.text:ti_sysbios_gates_GateMutex_Instance_init__E)
                  0000b89c    0000001c     app_pem4.oem4 (.text:ti_sysbios_knl_Queue_Object__destruct__S)
                  0000b8b8    0000001c     sysbios.aem4 : BIOS.obj (.text:ti_sysbios_knl_Swi_disable__E)

.const.31 
*          0    0000b8d4    00000004     
                  0000b8d4    00000004     app_pem4.oem4 (.const:ti_sysbios_hal_ammu_AMMU_numLinePages__C)

.text.32   0    0000b8d8    0000008c     
                  0000b8d8    0000001c     sysbios.aem4 : BIOS.obj (.text:ti_sysbios_knl_Task_disable__E)
                  0000b8f4    0000001c     ti.targets.arm.rtsarm.aem4 : Error.oem4 (.text:xdc_runtime_Error_raiseX__E)
                  0000b910    0000001c     app_pem4.oem4 (.text:xdc_runtime_HeapStd_Object__delete__S)
                  0000b92c    0000001c     ti.targets.arm.rtsarm.aem4 : Memory.oem4 (.text:xdc_runtime_Memory_valloc__E)
                  0000b948    0000001c                                : System.oem4 (.text:xdc_runtime_System_abort__E)

.const.32 
*          0    0000b964    00000004     
                  0000b964    00000004     app_pem4.oem4 (.const:ti_sysbios_hal_ammu_AMMU_numMediumPages__C)

.text.33   0    0000b968    0000001a     
                  0000b968    0000001a     sysbios.aem4 : BIOS.obj (.text:ti_sysbios_knl_Queue_get__E)

.const.33 
*          0    0000b984    00000004     
                  0000b984    00000004     app_pem4.oem4 (.const:ti_sysbios_hal_ammu_AMMU_numSmallPages__C)

.text.34   0    0000b988    0000001a     
                  0000b988    0000001a     sysbios.aem4 : BIOS.obj (.text:ti_sysbios_knl_Task_sleepTimeout__I)

.const.34 
*          0    0000b9a4    00000004     
                  0000b9a4    00000004     app_pem4.oem4 (.const:ti_sysbios_hal_unicache_Cache_l1ocpConfig__C)

.text.35   0    0000b9a8    0000028c     
                  0000b9a8    0000001a     sysbios.aem4 : BIOS.obj (.text:ti_sysbios_knl_Task_unblock__E)
                  0000b9c2    0000001a     app_pem4.oem4 (.text:xdc_runtime_System_aprintf__E)
                  0000b9dc    0000001a     app_pem4.oem4 (.text:xdc_runtime_System_printf__E)
                  0000b9f6    00000002     --HOLE-- [fill = 0]
                  0000b9f8    00000018     rtsv7M4_T_le_eabi.lib : args_main.c.obj (.text:_args_main)
                  0000ba10    00000018                           : sprintf.c.obj (.text:_outs)
                  0000ba28    00000018     app_pem4.oem4 (.text:ti_sysbios_BIOS_rtsUnlock__I)
                  0000ba40    00000018     sysbios.aem4 : BIOS.obj (.text:ti_sysbios_BIOS_setThreadType__E)
                  0000ba58    00000018     app_pem4.oem4 (.text:ti_sysbios_family_arm_ducati_GateSmp_Handle__label__S)
                  0000ba70    00000018     app_pem4.oem4 (.text:ti_sysbios_family_arm_ducati_TimerSupport_Module__startupDone__F)
                  0000ba88    00000018     app_pem4.oem4 (.text:ti_sysbios_family_arm_ducati_Timer_Module__startupDone__F)
                  0000baa0    00000018     app_pem4.oem4 (.text:ti_sysbios_family_arm_ducati_Wugen_Module__startupDone__F)
                  0000bab8    00000018     app_pem4.oem4 (.text:ti_sysbios_family_arm_m3_Hwi_Handle__label__S)
                  0000bad0    00000018     app_pem4.oem4 (.text:ti_sysbios_family_arm_m3_Hwi_Module__startupDone__F)
                  0000bae8    00000018     app_pem4.oem4 (.text:ti_sysbios_gates_GateHwi_Handle__label__S)
                  0000bb00    00000018     app_pem4.oem4 (.text:ti_sysbios_gates_GateMutex_Handle__label__S)
                  0000bb18    00000018     sysbios.aem4 : BIOS.obj (.text:ti_sysbios_gates_GateMutex_leave__E)
                  0000bb30    00000018     app_pem4.oem4 (.text:ti_sysbios_heaps_HeapBuf_Handle__label__S)
                  0000bb48    00000018     app_pem4.oem4 (.text:ti_sysbios_knl_Swi_Handle__label__S)
                  0000bb60    00000018     app_pem4.oem4 (.text:ti_sysbios_knl_Task_Handle__label__S)
                  0000bb78    00000018     sysbios.aem4 : BIOS.obj (.text:ti_sysbios_knl_Task_enter__I)
                  0000bb90    00000018     ti.targets.arm.rtsarm.aem4 : Error.oem4 (.text:xdc_runtime_Error_check__E)
                  0000bba8    00000018     app_pem4.oem4 (.text:xdc_runtime_HeapStd_Handle__label__S)
                  0000bbc0    00000018     app_pem4.oem4 (.text:xdc_runtime_LoggerBuf_Handle__label__S)
                  0000bbd8    00000018     ti.targets.arm.rtsarm.aem4 : System.oem4 (.text:xdc_runtime_System_exit__E)
                  0000bbf0    00000018                                : Text.oem4 (.text:xdc_runtime_Text_ropeText__E)
                  0000bc08    00000016     rtsv7M4_T_le_eabi.lib : strchr.c.obj (.text:strchr)
                  0000bc1e    00000016     app_pem4.oem4 (.text:ti_sysbios_BIOS_exitFunc__I)

.const.35 
*          0    0000bc34    00000004     
                  0000bc34    00000004     app_pem4.oem4 (.const:ti_sysbios_hal_unicache_Cache_l1secConfig__C)

.text.36   0    0000bc38    0000002a     
                  0000bc38    00000016     sysbios.aem4 : BIOS.obj (.text:ti_sysbios_family_arm_m3_Hwi_restoreFxn__E)
                  0000bc4e    00000014     rtsv7M4_T_le_eabi.lib : strlen.c.obj (.text:strlen)

.const.36 
*          0    0000bc64    00000004     
                  0000bc64    00000004     app_pem4.oem4 (.const:ti_sysbios_hal_unicache_Cache_l2ocpConfig__C)

.text.37   0    0000bc68    0000008a     
                  0000bc68    00000014     sysbios.aem4 : BIOS.obj (.text:ti_sysbios_family_arm_ducati_Core_Module_startup__E)
                  0000bc7c    00000014     app_pem4.oem4 (.text:ti_sysbios_family_arm_m3_Hwi_Object__get__S)
                  0000bc90    00000014     sysbios.aem4 : BIOS.obj (.text:ti_sysbios_family_arm_m3_Hwi_switchFromBootStack__E)
                  0000bca4    00000014     app_pem4.oem4 (.text:ti_sysbios_heaps_HeapBuf_Object__get__S)
                  0000bcb8    00000014     app_pem4.oem4 (.text:ti_sysbios_knl_Swi_Object__get__S)
                  0000bccc    00000014     app_pem4.oem4 (.text:xdc_runtime_LoggerBuf_Object__get__S)
                  0000bce0    00000012     sysbios.aem4 : BIOS.obj (.text:ti_sysbios_family_arm_ducati_TimerSupport_Module_startup__E)

.const.37 
*          0    0000bcf4    00000004     
                  0000bcf4    00000004     app_pem4.oem4 (.const:ti_sysbios_hal_unicache_Cache_l2secConfig__C)

.text.38   0    0000bcf8    0000006c     
                  0000bcf8    00000012     sysbios.aem4 : BIOS.obj (.text:ti_sysbios_hal_Hwi_Module_startup__E)
                  0000bd0a    00000012     rtsv7M4_T_le_eabi.lib : wcslen.c.obj (.text:wcslen)
                  0000bd1c    00000012     ti.targets.arm.rtsarm.aem4 : LoggerBuf.oem4 (.text:xdc_runtime_LoggerBuf_Instance_finalize__E)
                  0000bd2e    00000012                                : LoggerBuf.oem4 (.text:xdc_runtime_LoggerBuf_write1__E)
                  0000bd40    00000012                                : LoggerBuf.oem4 (.text:xdc_runtime_LoggerBuf_write2__E)
                  0000bd52    00000012     app_pem4.oem4 (.text:xdc_runtime_Startup_exec__I)

.const.38 
*          0    0000bd64    00000004     
                  0000bd64    00000004     app_pem4.oem4 (.const:ti_sysbios_heaps_HeapBuf_A_bufAlign__C)

.text.39   0    0000bd68    0000016c     
                  0000bd68    00000010     sysbios.aem4 : BIOS.obj (.text:ti_sysbios_BIOS_exit__E)
                  0000bd78    00000010                  : BIOS.obj (.text:ti_sysbios_BIOS_start__E)
                  0000bd88    00000010                  : BIOS.obj (.text:ti_sysbios_family_arm_ducati_TimerSupport_enable__E)
                  0000bd98    00000010                  : BIOS.obj (.text:ti_sysbios_family_arm_m3_Hwi_excHandler__I)
                  0000bda8    00000010                  : m3_TaskSupport_asm.obj (.text:ti_sysbios_family_arm_m3_TaskSupport_glue)
                  0000bdb8    00000010                  : m3_TaskSupport_asm.obj (.text:ti_sysbios_family_arm_m3_TaskSupport_swap__E)
                  0000bdc8    00000010                  : BIOS.obj (.text:ti_sysbios_gates_GateMutex_Instance_finalize__E)
                  0000bdd8    00000010                  : BIOS.obj (.text:ti_sysbios_heaps_HeapBuf_Instance_finalize__E)
                  0000bde8    00000010                  : BIOS.obj (.text:ti_sysbios_knl_Semaphore_Instance_finalize__E)
                  0000bdf8    00000010     app_pem4.oem4 (.text:ti_sysbios_knl_Task_Object__get__S)
                  0000be08    00000010     ti.trace_smp.aem4 : SysMin.oem4 (.text:ti_trace_SysMin_ready__E)
                  0000be18    00000010     ti.targets.arm.rtsarm.aem4 : Gate.oem4 (.text:xdc_runtime_Gate_leaveSystem__E)
                  0000be28    00000010                                : LoggerBuf.oem4 (.text:xdc_runtime_LoggerBuf_write0__E)
                  0000be38    00000010                                : Memory.oem4 (.text:xdc_runtime_Memory_free__E)
                  0000be48    00000010                                : System.oem4 (.text:xdc_runtime_System_vsnprintf__E)
                  0000be58    0000000e     rtsv7M4_T_le_eabi.lib : copy_decompress_none.c.obj (.text:decompress:none:__TI_decompress_none)
                  0000be66    00000002     --HOLE-- [fill = 0]
                  0000be68    0000000e     sysbios.aem4 : BIOS.obj (.text:ti_sysbios_family_arm_ducati_GateSmp_Instance_init__E)
                  0000be76    00000002     --HOLE-- [fill = 0]
                  0000be78    0000000e                  : BIOS.obj (.text:ti_sysbios_knl_Idle_loop__E)
                  0000be86    00000002     --HOLE-- [fill = 0]
                  0000be88    0000000e                  : BIOS.obj (.text:ti_sysbios_knl_Queue_empty__E)
                  0000be96    0000000e     ti.targets.arm.rtsarm.aem4 : HeapStd.oem4 (.text:xdc_runtime_HeapStd_getStats__E)
                  0000bea4    0000000c     rtsv7M4_T_le_eabi.lib : _lock.c.obj (.text:_register_lock)
                  0000beb0    0000000c                           : _lock.c.obj (.text:_register_unlock)
                  0000bebc    0000000c                           : s_copysign.c.obj (.text:copysign)
                  0000bec8    0000000c                           : copy_zero_init.c.obj (.text:decompress:ZI:__TI_zero_init)

.const.39 
*          0    0000bed4    00000004     
                  0000bed4    00000004     app_pem4.oem4 (.const:ti_sysbios_heaps_HeapBuf_A_invalidAlign__C)

.text.40   0    0000bed8    0000000c     
                  0000bed8    0000000c     ipc.aem4 : Ipc.obj (.text:ti_ipc_remoteproc_Resource_Module_startup__E)

.const.40 
*          0    0000bee4    00000004     
                  0000bee4    00000004     app_pem4.oem4 (.const:ti_sysbios_heaps_HeapBuf_A_invalidBlockSize__C)

.text.41   0    0000bee8    0000000c     
                  0000bee8    0000000c     sysbios.aem4 : BIOS.obj (.text:ti_sysbios_family_arm_ducati_Core_getId__E)

.const.41 
*          0    0000bef4    00000004     
                  0000bef4    00000004     app_pem4.oem4 (.const:ti_sysbios_heaps_HeapBuf_A_invalidBufSize__C)

.text.42   0    0000bef8    0000000c     
                  0000bef8    0000000c     sysbios.aem4 : BIOS.obj (.text:ti_sysbios_family_arm_ducati_Core_lock__E)

.const.42 
*          0    0000bf04    00000004     
                  0000bf04    00000004     app_pem4.oem4 (.const:ti_sysbios_heaps_HeapBuf_A_invalidFree__C)

.text.43   0    0000bf08    0000000c     
                  0000bf08    0000000c     sysbios.aem4 : BIOS.obj (.text:ti_sysbios_family_arm_m3_TaskSupport_checkStack__E)

.const.43 
*          0    0000bf14    00000004     
                  0000bf14    00000004     app_pem4.oem4 (.const:ti_sysbios_heaps_HeapBuf_A_invalidRequestedAlign__C)

.text.44   0    0000bf18    0000009c     
                  0000bf18    0000000c     sysbios.aem4 : BIOS.obj (.text:ti_sysbios_knl_Clock_getTicks__E)
                  0000bf24    0000000c     app_pem4.oem4 (.text:ti_sysbios_knl_Queue_Object__get__S)
                  0000bf30    0000000c     app_pem4.oem4 (.text:ti_sysbios_knl_Queue_Params__init__S)
                  0000bf3c    0000000c     ti.targets.arm.rtsarm.aem4 : Error.oem4 (.text:xdc_runtime_Error_init__E)
                  0000bf48    0000000c                                : Gate.oem4 (.text:xdc_runtime_Gate_enterSystem__E)
                  0000bf54    0000000c                                : Memory.oem4 (.text:xdc_runtime_Memory_calloc__E)
                  0000bf60    0000000c                                : Memory.oem4 (.text:xdc_runtime_Memory_getMaxDefaultTypeAlign__E)
                  0000bf6c    0000000c                                : Startup.oem4 (.text:xdc_runtime_Startup_rtsDone__E)
                  0000bf78    0000000a     rtsv7M4_T_le_eabi.lib : sprintf.c.obj (.text:_outc)
                  0000bf82    0000000a     app_pem4.oem4 (.text:xdc_runtime_IHeap_alloc)
                  0000bf8c    0000000a     app_pem4.oem4 (.text:xdc_runtime_IHeap_free)
                  0000bf96    0000000a     ti.targets.arm.rtsarm.aem4 : LoggerBuf.oem4 (.text:xdc_runtime_LoggerBuf_disable__E)
                  0000bfa0    0000000a                                : LoggerBuf.oem4 (.text:xdc_runtime_LoggerBuf_enable__E)
                  0000bfaa    00000002     --HOLE-- [fill = 0]
                  0000bfac    00000008     rtsv7M4_T_le_eabi.lib : errno.c.obj (.text:__aeabi_errno_addr)

.const.44 
*          0    0000bfb4    00000004     
                  0000bfb4    00000004     app_pem4.oem4 (.const:ti_sysbios_heaps_HeapBuf_A_noBlocksToFree__C)

.text.45   0    0000bfb8    00000044     
                  0000bfb8    00000008     sysbios.aem4 : BIOS.obj (.text:ti_sysbios_family_arm_m3_Hwi_doSwiRestore__I)
                  0000bfc0    00000008     app_pem4.oem4 (.text:xdc_runtime_Text_visitRope__I)
                  0000bfc8    00000006     sysbios.aem4 : BIOS.obj (.text:ti_sysbios_family_arm_ducati_Wugen_Module_startup__E)
                  0000bfce    00000002     --HOLE-- [fill = 0]
                  0000bfd0    00000006                  : BIOS.obj (.text:ti_sysbios_family_arm_m3_Hwi_doTaskRestore__I)
                  0000bfd6    00000002     --HOLE-- [fill = 0]
                  0000bfd8    00000006                  : BIOS.obj (.text:ti_sysbios_gates_GateHwi_leave__E)
                  0000bfde    00000002     --HOLE-- [fill = 0]
                  0000bfe0    00000006                  : BIOS.obj (.text:ti_sysbios_knl_Queue_Instance_init__E)
                  0000bfe6    00000002     --HOLE-- [fill = 0]
                  0000bfe8    00000006                  : BIOS.obj (.text:ti_sysbios_knl_Swi_startup__E)
                  0000bfee    00000002     --HOLE-- [fill = 0]
                  0000bff0    00000006                  : BIOS.obj (.text:ti_sysbios_knl_Task_startup__E)
                  0000bff6    00000002     --HOLE-- [fill = 0]
                  0000bff8    00000004                  : BIOS.obj (.text:ti_sysbios_family_arm_ducati_GateSmp_query__E)

.const.45 
*          0    0000bffc    00000004     
                  0000bffc    00000004     app_pem4.oem4 (.const:ti_sysbios_heaps_HeapBuf_A_nullBuf__C)

.text.46   0    0000c000    00000004     
                  0000c000    00000004     sysbios.aem4 : BIOS.obj (.text:ti_sysbios_family_arm_ducati_Timer_getMaxTicks__E)

.const.46 
*          0    0000c004    00000004     
                  0000c004    00000004     app_pem4.oem4 (.const:ti_sysbios_heaps_HeapBuf_A_zeroBlocks__C)

.text.47   0    0000c008    00000004     
                  0000c008    00000004     sysbios.aem4 : BIOS.obj (.text:ti_sysbios_family_arm_m3_Hwi_disableFxn__E)

.const.47 
*          0    0000c00c    00000004     
                  0000c00c    00000004     app_pem4.oem4 (.const:ti_sysbios_heaps_HeapBuf_A_zeroBufSize__C)

.text.48   0    0000c010    00000004     
                  0000c010    00000004     sysbios.aem4 : BIOS.obj (.text:ti_sysbios_family_arm_m3_Hwi_startup__E)

.const.48 
*          0    0000c014    00000004     
                  0000c014    00000004     app_pem4.oem4 (.const:ti_sysbios_heaps_HeapBuf_E_size__C)

.text.49   0    0000c018    00000004     
                  0000c018    00000004     sysbios.aem4 : BIOS.obj (.text:ti_sysbios_gates_GateHwi_enter__E)

.const.49 
*          0    0000c01c    00000004     
                  0000c01c    00000004     app_pem4.oem4 (.const:ti_sysbios_heaps_HeapBuf_Instance_State_freeList__O)

.text.50   0    0000c020    00000004     
                  0000c020    00000004     sysbios.aem4 : BIOS.obj (.text:ti_sysbios_gates_GateHwi_query__E)

.const.50 
*          0    0000c024    00000004     
                  0000c024    00000004     app_pem4.oem4 (.const:ti_sysbios_heaps_HeapBuf_Module__diagsEnabled__C)

.text.51   0    0000c028    00000004     
                  0000c028    00000004     sysbios.aem4 : BIOS.obj (.text:ti_sysbios_gates_GateMutex_query__E)

.const.51 
*          0    0000c02c    00000004     
                  0000c02c    00000004     app_pem4.oem4 (.const:ti_sysbios_heaps_HeapBuf_Module__diagsIncluded__C)

.text.52   0    0000c030    00000004     
                  0000c030    00000004     sysbios.aem4 : BIOS.obj (.text:ti_sysbios_heaps_HeapBuf_isBlocking__E)

.const.52 
*          0    0000c034    00000004     
                  0000c034    00000004     app_pem4.oem4 (.const:ti_sysbios_heaps_HeapBuf_Module__diagsMask__C)

.text.53   0    0000c038    00000002     
                  0000c038    00000002     sysbios.aem4 : BIOS.obj (.text:ti_sysbios_BIOS_linkedWithIncorrectBootLibrary__E)

.const.53 
*          0    0000c03c    00000004     
                  0000c03c    00000004     app_pem4.oem4 (.const:ti_sysbios_heaps_HeapBuf_Object__count__C)

.text.54   0    0000c040    00000002     
                  0000c040    00000002     sysbios.aem4 : BIOS.obj (.text:ti_sysbios_gates_GateHwi_Instance_init__E)

.const.54 
*          0    0000c044    00000004     
                  0000c044    00000004     app_pem4.oem4 (.const:ti_sysbios_heaps_HeapBuf_numConstructedHeaps__C)

.text.55   0    0000c048    00000002     
                  0000c048    00000002     sysbios.aem4 : BIOS.obj (.text:ti_sysbios_knl_Clock_logTick__E)

.const.55 
*          0    0000c04c    00000b11     
                  0000c04c    000004b8     app_pem4.oem4 (.const:ti_sysbios_hal_ammu_AMMU_mmuInitConfig__C)
                  0000c504    00000101     rtsv7M4_T_le_eabi.lib : ctype.c.obj (.const:.string:_ctypes_)
                  0000c605    00000001     app_pem4.oem4 (.const:ti_sysbios_family_arm_ducati_TimestampProvider_inpsel__C)
                  0000c606    00000002     app_pem4.oem4 (.const:ti_sysbios_family_arm_ducati_Core_syncExits__C)
                  0000c608    00000048     app_pem4.oem4 (.const:.string)
                  0000c650    00000040     app_pem4.oem4 (.const:xdc_runtime_Startup_sfxnTab__A)
                  0000c690    0000003c     app_pem4.oem4 (.const:xdc_runtime_LoggerBuf_Module__FXNS__C)
                  0000c6cc    0000002c     app_pem4.oem4 (.const:ti_sysbios_heaps_HeapBuf_Object__PARAMS__C)
                  0000c6f8    00000028     app_pem4.oem4 (.const:ti_sysbios_heaps_HeapBuf_Module__FXNS__C)
                  0000c720    00000028     app_pem4.oem4 (.const:xdc_runtime_HeapStd_Module__FXNS__C)
                  0000c748    00000024     app_pem4.oem4 (.const:ti_sysbios_family_arm_ducati_GateSmp_Module__FXNS__C)
                  0000c76c    00000024     app_pem4.oem4 (.const:ti_sysbios_gates_GateHwi_Module__FXNS__C)
                  0000c790    00000024     app_pem4.oem4 (.const:ti_sysbios_gates_GateMutex_Module__FXNS__C)
                  0000c7b4    00000024     app_pem4.oem4 (.const:ti_sysbios_knl_Semaphore_Object__PARAMS__C)
                  0000c7d8    00000024     app_pem4.oem4 (.const:xdc_runtime_LoggerBuf_Object__PARAMS__C)
                  0000c7fc    00000020     app_pem4.oem4 (.const:ti_sysbios_family_arm_ducati_GateSmp_Object__DESC__C)
                  0000c81c    00000020     app_pem4.oem4 (.const:ti_sysbios_gates_GateHwi_Object__DESC__C)
                  0000c83c    00000020     app_pem4.oem4 (.const:ti_sysbios_gates_GateMutex_Object__DESC__C)
                  0000c85c    00000020     app_pem4.oem4 (.const:ti_sysbios_heaps_HeapBuf_Object__DESC__C)
                  0000c87c    00000020     app_pem4.oem4 (.const:ti_sysbios_knl_Queue_Object__DESC__C)
                  0000c89c    00000020     app_pem4.oem4 (.const:ti_sysbios_knl_Semaphore_Object__DESC__C)
                  0000c8bc    00000020     app_pem4.oem4 (.const:xdc_runtime_HeapStd_Object__DESC__C)
                  0000c8dc    00000020     app_pem4.oem4 (.const:xdc_runtime_LoggerBuf_Object__DESC__C)
                  0000c8fc    00000020     app_pem4.oem4 (.const:xdc_runtime_Startup_sfxnRts__A)
                  0000c91c    0000001c     app_pem4.oem4 (.const:xdc_runtime_HeapStd_Object__PARAMS__C)
                  0000c938    00000018     app_pem4.oem4 (.const:ti_sysbios_family_arm_ducati_GateSmp_Object__PARAMS__C)
                  0000c950    00000018     app_pem4.oem4 (.const:ti_sysbios_gates_GateHwi_Object__PARAMS__C)
                  0000c968    00000018     app_pem4.oem4 (.const:ti_sysbios_gates_GateMutex_Object__PARAMS__C)
                  0000c980    00000018     app_pem4.oem4 (.const:ti_sysbios_knl_Queue_Object__PARAMS__C)
                  0000c998    00000012     ti.trace_smp.aem4 : SysMin.oem4 (.const:.string)
                  0000c9aa    00000011     ti.targets.arm.rtsarm.aem4 : System.oem4 (.const:.string)
                  0000c9bb    00000001     app_pem4.oem4 (.const:xdc_runtime_Error_policy__C)
                  0000c9bc    00000008     app_pem4.oem4 (.const:ti_sysbios_family_arm_m3_Hwi_excHookFuncs__A)
                  0000c9c4    00000008     app_pem4.oem4 (.const:ti_sysbios_knl_Idle_coreList__A)
                  0000c9cc    00000008     app_pem4.oem4 (.const:ti_sysbios_knl_Idle_coreList__C)
                  0000c9d4    00000008     app_pem4.oem4 (.const:ti_sysbios_knl_Idle_funcList__A)
                  0000c9dc    00000008     app_pem4.oem4 (.const:ti_sysbios_knl_Idle_funcList__C)
                  0000c9e4    00000008     app_pem4.oem4 (.const:xdc_runtime_Startup_firstFxns__A)
                  0000c9ec    00000008     app_pem4.oem4 (.const:xdc_runtime_Startup_firstFxns__C)
                  0000c9f4    00000008     app_pem4.oem4 (.const:xdc_runtime_Startup_lastFxns__C)
                  0000c9fc    00000004     app_pem4.oem4 (.const:ti_sysbios_knl_Clock_Module_State_clockQ__O)
                  0000ca00    00000004     app_pem4.oem4 (.const:ti_sysbios_knl_Clock_tickPeriod__C)
                  0000ca04    00000004     app_pem4.oem4 (.const:ti_sysbios_knl_Semaphore_A_badContext__C)
                  0000ca08    00000004     app_pem4.oem4 (.const:ti_sysbios_knl_Semaphore_A_noEvents__C)
                  0000ca0c    00000004     app_pem4.oem4 (.const:ti_sysbios_knl_Semaphore_A_overflow__C)
                  0000ca10    00000004     app_pem4.oem4 (.const:ti_sysbios_knl_Semaphore_A_pendTaskDisabled__C)
                  0000ca14    00000004     app_pem4.oem4 (.const:ti_sysbios_knl_Semaphore_Instance_State_pendQ__O)
                  0000ca18    00000004     app_pem4.oem4 (.const:ti_sysbios_knl_Semaphore_Module__diagsEnabled__C)
                  0000ca1c    00000004     app_pem4.oem4 (.const:ti_sysbios_knl_Semaphore_Module__diagsIncluded__C)
                  0000ca20    00000004     app_pem4.oem4 (.const:ti_sysbios_knl_Semaphore_Module__diagsMask__C)
                  0000ca24    00000004     app_pem4.oem4 (.const:ti_sysbios_knl_Swi_Object__count__C)
                  0000ca28    00000004     app_pem4.oem4 (.const:ti_sysbios_knl_Task_A_badTimeout__C)
                  0000ca2c    00000004     app_pem4.oem4 (.const:ti_sysbios_knl_Task_A_sleepTaskDisabled__C)
                  0000ca30    00000004     app_pem4.oem4 (.const:ti_sysbios_knl_Task_E_spOutOfBounds__C)
                  0000ca34    00000004     app_pem4.oem4 (.const:ti_sysbios_knl_Task_E_stackOverflow__C)
                  0000ca38    00000004     app_pem4.oem4 (.const:ti_sysbios_knl_Task_Module_State_inactiveQ__O)
                  0000ca3c    00000004     app_pem4.oem4 (.const:ti_sysbios_knl_Task_Module__diagsEnabled__C)
                  0000ca40    00000004     app_pem4.oem4 (.const:ti_sysbios_knl_Task_Module__diagsIncluded__C)
                  0000ca44    00000004     app_pem4.oem4 (.const:ti_sysbios_knl_Task_Module__diagsMask__C)
                  0000ca48    00000004     app_pem4.oem4 (.const:ti_sysbios_knl_Task_Object__count__C)
                  0000ca4c    00000004     app_pem4.oem4 (.const:ti_sysbios_knl_Task_allBlockedFunc__C)
                  0000ca50    00000004     app_pem4.oem4 (.const:ti_sysbios_knl_Task_numConstructedTasks__C)
                  0000ca54    00000004     app_pem4.oem4 (.const:ti_sysbios_knl_Task_startupHookFunc__C)
                  0000ca58    00000004     app_pem4.oem4 (.const:ti_sysbios_timers_dmtimer_Timer_E_cannotSupport__C)
                  0000ca5c    00000004     app_pem4.oem4 (.const:ti_sysbios_timers_dmtimer_Timer_E_freqMismatch__C)
                  0000ca60    00000004     app_pem4.oem4 (.const:ti_sysbios_timers_dmtimer_Timer_Module__diagsEnabled__C)
                  0000ca64    00000004     app_pem4.oem4 (.const:ti_sysbios_timers_dmtimer_Timer_Module__diagsIncluded__C)
                  0000ca68    00000004     app_pem4.oem4 (.const:ti_sysbios_timers_dmtimer_Timer_Module__diagsMask__C)
                  0000ca6c    00000004     app_pem4.oem4 (.const:ti_sysbios_timers_dmtimer_Timer_numTimerDevices__C)
                  0000ca70    00000004     app_pem4.oem4 (.const:ti_trace_SysMin_bufSize__C)
                  0000ca74    00000004     app_pem4.oem4 (.const:xdc_runtime_Assert_E_assertFailed__C)
                  0000ca78    00000004     app_pem4.oem4 (.const:xdc_runtime_Core_A_initializedParams__C)
                  0000ca7c    00000004     app_pem4.oem4 (.const:xdc_runtime_Core_Module__diagsEnabled__C)
                  0000ca80    00000004     app_pem4.oem4 (.const:xdc_runtime_Core_Module__diagsIncluded__C)
                  0000ca84    00000004     app_pem4.oem4 (.const:xdc_runtime_Core_Module__diagsMask__C)
                  0000ca88    00000004     app_pem4.oem4 (.const:xdc_runtime_Error_E_memory__C)
                  0000ca8c    00000004     app_pem4.oem4 (.const:xdc_runtime_Error_Module__diagsEnabled__C)
                  0000ca90    00000004     app_pem4.oem4 (.const:xdc_runtime_Error_Module__diagsIncluded__C)
                  0000ca94    00000004     app_pem4.oem4 (.const:xdc_runtime_Error_Module__diagsMask__C)
                  0000ca98    00000004     app_pem4.oem4 (.const:xdc_runtime_Error_Module__loggerFxn8__C)
                  0000ca9c    00000004     app_pem4.oem4 (.const:xdc_runtime_Error_Module__loggerObj__C)
                  0000caa0    00000004     app_pem4.oem4 (.const:xdc_runtime_Error_policyFxn__C)
                  0000caa4    00000004     app_pem4.oem4 (.const:xdc_runtime_Error_raiseHook__C)
                  0000caa8    00000004     app_pem4.oem4 (.const:xdc_runtime_HeapStd_A_align__C)
                  0000caac    00000004     app_pem4.oem4 (.const:xdc_runtime_HeapStd_A_invalidTotalFreeSize__C)
                  0000cab0    00000004     app_pem4.oem4 (.const:xdc_runtime_HeapStd_A_zeroSize__C)
                  0000cab4    00000004     app_pem4.oem4 (.const:xdc_runtime_HeapStd_E_noRTSMemory__C)
                  0000cab8    00000004     app_pem4.oem4 (.const:xdc_runtime_HeapStd_Module__diagsEnabled__C)
                  0000cabc    00000004     app_pem4.oem4 (.const:xdc_runtime_HeapStd_Module__diagsIncluded__C)
                  0000cac0    00000004     app_pem4.oem4 (.const:xdc_runtime_HeapStd_Module__diagsMask__C)
                  0000cac4    00000004     app_pem4.oem4 (.const:xdc_runtime_IFilterLogger_Interface__BASE__C)
                  0000cac8    00000004     app_pem4.oem4 (.const:xdc_runtime_IGateProvider_Interface__BASE__C)
                  0000cacc    00000004     app_pem4.oem4 (.const:xdc_runtime_IHeap_Interface__BASE__C)
                  0000cad0    00000004     app_pem4.oem4 (.const:xdc_runtime_ILogger_Interface__BASE__C)
                  0000cad4    00000004     app_pem4.oem4 (.const:xdc_runtime_IModule_Interface__BASE__C)
                  0000cad8    00000004     app_pem4.oem4 (.const:xdc_runtime_Log_L_error__C)
                  0000cadc    00000004     app_pem4.oem4 (.const:xdc_runtime_LoggerBuf_E_badLevel__C)
                  0000cae0    00000004     app_pem4.oem4 (.const:xdc_runtime_LoggerBuf_Module__gateObj__C)
                  0000cae4    00000004     app_pem4.oem4 (.const:xdc_runtime_LoggerBuf_Object__count__C)
                  0000cae8    00000004     app_pem4.oem4 (.const:xdc_runtime_LoggerBuf_statusLogger__C)
                  0000caec    00000004     app_pem4.oem4 (.const:xdc_runtime_Memory_defaultHeapInstance__C)
                  0000caf0    00000004     app_pem4.oem4 (.const:xdc_runtime_Startup_execImpl__C)
                  0000caf4    00000004     app_pem4.oem4 (.const:xdc_runtime_Startup_maxPasses__C)
                  0000caf8    00000004     app_pem4.oem4 (.const:xdc_runtime_Startup_sfxnRts__C)
                  0000cafc    00000004     app_pem4.oem4 (.const:xdc_runtime_Startup_sfxnTab__C)
                  0000cb00    00000004     app_pem4.oem4 (.const:xdc_runtime_System_Module__gateObj__C)
                  0000cb04    00000004     app_pem4.oem4 (.const:xdc_runtime_System_abortFxn__C)
                  0000cb08    00000004     app_pem4.oem4 (.const:xdc_runtime_System_exitFxn__C)
                  0000cb0c    00000004     app_pem4.oem4 (.const:xdc_runtime_System_extendFxn__C)
                  0000cb10    00000004     app_pem4.oem4 (.const:xdc_runtime_System_maxAtexitHandlers__C)
                  0000cb14    00000004     app_pem4.oem4 (.const:xdc_runtime_Text_charTab__C)
                  0000cb18    00000004     app_pem4.oem4 (.const:xdc_runtime_Text_nameEmpty__C)
                  0000cb1c    00000004     app_pem4.oem4 (.const:xdc_runtime_Text_nameStatic__C)
                  0000cb20    00000004     app_pem4.oem4 (.const:xdc_runtime_Text_nameUnknown__C)
                  0000cb24    00000004     app_pem4.oem4 (.const:xdc_runtime_Text_visitRopeFxn__C)
                  0000cb28    00000002     app_pem4.oem4 (.const:ti_sysbios_family_arm_ducati_GateSmp_Module__id__C)
                  0000cb2a    00000002     app_pem4.oem4 (.const:ti_sysbios_family_arm_m3_Hwi_Module__id__C)
                  0000cb2c    00000002     app_pem4.oem4 (.const:ti_sysbios_gates_GateMutex_Module__id__C)
                  0000cb2e    00000002     app_pem4.oem4 (.const:ti_sysbios_hal_Hwi_Module__id__C)
                  0000cb30    00000002     app_pem4.oem4 (.const:ti_sysbios_hal_ammu_AMMU_configureAmmu__C)
                  0000cb32    00000002     app_pem4.oem4 (.const:ti_sysbios_hal_unicache_Cache_configureCache__C)
                  0000cb34    00000002     app_pem4.oem4 (.const:ti_sysbios_hal_unicache_Cache_enableCache__C)
                  0000cb36    00000002     app_pem4.oem4 (.const:ti_sysbios_hal_unicache_Cache_l2CacheSupported__C)
                  0000cb38    00000002     app_pem4.oem4 (.const:ti_sysbios_heaps_HeapBuf_Module__id__C)
                  0000cb3a    00000002     app_pem4.oem4 (.const:ti_sysbios_heaps_HeapBuf_trackMaxAllocs__C)
                  0000cb3c    00000002     app_pem4.oem4 (.const:ti_sysbios_knl_Semaphore_Module__id__C)
                  0000cb3e    00000002     app_pem4.oem4 (.const:ti_sysbios_knl_Task_Module__id__C)
                  0000cb40    00000002     app_pem4.oem4 (.const:ti_sysbios_timers_dmtimer_Timer_Module__id__C)
                  0000cb42    00000002     app_pem4.oem4 (.const:ti_sysbios_timers_dmtimer_Timer_checkFrequency__C)
                  0000cb44    00000002     app_pem4.oem4 (.const:ti_sysbios_timers_dmtimer_Timer_startupNeeded__C)
                  0000cb46    00000002     app_pem4.oem4 (.const:xdc_runtime_Core_Module__id__C)
                  0000cb48    00000002     app_pem4.oem4 (.const:xdc_runtime_Error_Module__loggerDefined__C)
                  0000cb4a    00000002     app_pem4.oem4 (.const:xdc_runtime_Error_maxDepth__C)
                  0000cb4c    00000002     app_pem4.oem4 (.const:xdc_runtime_HeapStd_Module__id__C)
                  0000cb4e    00000002     app_pem4.oem4 (.const:xdc_runtime_LoggerBuf_Module__id__C)
                  0000cb50    00000002     app_pem4.oem4 (.const:xdc_runtime_LoggerBuf_filterByLevel__C)
                  0000cb52    00000002     app_pem4.oem4 (.const:xdc_runtime_Memory_Module__id__C)
                  0000cb54    00000002     app_pem4.oem4 (.const:xdc_runtime_Text_charCnt__C)
                  0000cb56    00000002     app_pem4.oem4 (.const:xdc_runtime_Text_isLoaded__C)
                  0000cb58    00000002     app_pem4.oem4 (.const:xdc_runtime_Text_registryModsLastId__C)
                  0000cb5a    00000002     app_pem4.oem4 (.const:xdc_runtime_Text_unnamedModsLastId__C)
                  0000cb5c    00000001     app_pem4.oem4 (.const:xdc_runtime_Text_charTab__A)

.data      0    80042dc8    0000093a     UNINITIALIZED
                  80042dc8    00000208     app_pem4.oem4 (.data:ti_trace_SysMin_Module_State_0_lineBuffers__A)
                  80042fd0    00000180     app_pem4.oem4 (.data:ti_sysbios_knl_Task_Module_State_0_readyQ__A)
                  80043150    000000e4     app_pem4.oem4 (.data:ti_sysbios_knl_Task_Object__table__V)
                  80043234    00000080     app_pem4.oem4 (.data:ti_sysbios_knl_Swi_Module_State_0_readyQ__A)
                  800432b4    00000050     app_pem4.oem4 (.data:ti_sysbios_family_arm_m3_Hwi_Module_State_0_intAffinity__A)
                  80043304    00000048     app_pem4.oem4 (.data:ti_sysbios_family_arm_m3_Hwi_Object__table__V)
                  8004334c    00000044     app_pem4.oem4 (.data:ti_sysbios_knl_Task_Module__state__V)
                  80043390    00000034     app_pem4.oem4 (.data:ti_sysbios_family_arm_ducati_Timer_Object__table__V)
                  800433c4    00000034     app_pem4.oem4 (.data:ti_sysbios_family_arm_m3_Hwi_Module__state__V)
                  800433f8    00000030     app_pem4.oem4 (.data:ti_sysbios_knl_Swi_Object__table__V)
                  80043428    00000030     app_pem4.oem4 (.data:ti_sysbios_timers_dmtimer_Timer_Module_State_0_device__A)
                  80043458    0000002c     app_pem4.oem4 (.data:ti_sysbios_knl_Clock_Module__state__V)
                  80043484    00000028     app_pem4.oem4 (.data:ti_sysbios_heaps_HeapBuf_Object__table__V)
                  800434ac    00000024     app_pem4.oem4 (.data:ti_sysbios_BIOS_Module__state__V)
                  800434d0    00000024     app_pem4.oem4 (.data:xdc_runtime_LoggerBuf_Object__table__V)
                  800434f4    00000020     app_pem4.oem4 (.data:ti_sysbios_knl_Task_Module_StateSmp_smpRunQ__A)
                  80043514    00000020     app_pem4.oem4 (.data:ti_sysbios_timers_dmtimer_Timer_Module_State_0_intFreqs__A)
                  80043534    0000001c     app_pem4.oem4 (.data:ti_sysbios_family_arm_ducati_GateSmp_Object__table__V)
                  80043550    0000001c     app_pem4.oem4 (.data:ti_sysbios_gates_GateMutex_Object__table__V)
                  8004356c    0000001c     app_pem4.oem4 (.data:ti_sysbios_knl_Swi_Module__state__V)
                  80043588    00000018     app_pem4.oem4 (.data:ti_trace_SysMin_Module__state__V)
                  800435a0    00000014     app_pem4.oem4 (.data:ti_sysbios_family_arm_ducati_Core_Module__state__V)
                  800435b4    00000014     app_pem4.oem4 (.data:ti_sysbios_timers_dmtimer_Timer_Module__state__V)
                  800435c8    00000014     app_pem4.oem4 (.data:xdc_runtime_System_Module_State_0_atexitHandlers__A)
                  800435dc    00000010     app_pem4.oem4 (.data:ti_sysbios_timers_dmtimer_Timer_Module_State_0_handles__A)
                  800435ec    0000000c     app_pem4.oem4 (.data:ti_sysbios_family_arm_ducati_Timer_Module__state__V)
                  800435f8    0000000c     app_pem4.oem4 (.data:ti_sysbios_knl_Task_Module_State_0_smpCurSet__A)
                  80043604    0000000c     app_pem4.oem4 (.data:ti_sysbios_knl_Task_Module_State_0_smpReadyQ__A)
                  80043610    0000000c     app_pem4.oem4 (.data:xdc_runtime_HeapStd_Object__table__V)
                  8004361c    00000008     rtsv7M4_T_le_eabi.lib : _lock.c.obj (.data:$O1$$)
                  80043624    00000008     app_pem4.oem4 (.data:ti_sysbios_family_arm_ducati_GateSmp_Module__root__V)
                  8004362c    00000008     app_pem4.oem4 (.data:ti_sysbios_family_arm_m3_Hwi_Module_State_0_excContext__A)
[...]
0000c034  ti_sysbios_heaps_HeapBuf_Module__diagsMask__C                           
0000c039  ti_sysbios_BIOS_linkedWithIncorrectBootLibrary__E                       
0000c03c  ti_sysbios_heaps_HeapBuf_Object__count__C                               
0000c041  ti_sysbios_gates_GateHwi_Instance_init__E                               
0000c044  ti_sysbios_heaps_HeapBuf_numConstructedHeaps__C                         
0000c049  ti_sysbios_knl_Clock_logTick__E                                         
0000c04c  ti_sysbios_hal_ammu_AMMU_mmuInitConfig__C                               
0000c504  _ctypes_                                                                
0000c605  ti_sysbios_family_arm_ducati_TimestampProvider_inpsel__C                
0000c606  ti_sysbios_family_arm_ducati_Core_syncExits__C                          
0000c650  xdc_runtime_Startup_sfxnTab__A                                          
0000c690  xdc_runtime_LoggerBuf_Module__FXNS__C                                   
0000c6cc  ti_sysbios_heaps_HeapBuf_Object__PARAMS__C                              
0000c6f8  ti_sysbios_heaps_HeapBuf_Module__FXNS__C                                
0000c720  xdc_runtime_HeapStd_Module__FXNS__C                                     
0000c748  ti_sysbios_family_arm_ducati_GateSmp_Module__FXNS__C                    
0000c76c  ti_sysbios_gates_GateHwi_Module__FXNS__C                                
0000c790  ti_sysbios_gates_GateMutex_Module__FXNS__C                              
0000c7b4  ti_sysbios_knl_Semaphore_Object__PARAMS__C                              
0000c7d8  xdc_runtime_LoggerBuf_Object__PARAMS__C                                 
0000c7fc  ti_sysbios_family_arm_ducati_GateSmp_Object__DESC__C                    
0000c81c  ti_sysbios_gates_GateHwi_Object__DESC__C                                
0000c83c  ti_sysbios_gates_GateMutex_Object__DESC__C                              
0000c85c  ti_sysbios_heaps_HeapBuf_Object__DESC__C                                
0000c87c  ti_sysbios_knl_Queue_Object__DESC__C                                    
0000c89c  ti_sysbios_knl_Semaphore_Object__DESC__C                                
0000c8bc  xdc_runtime_HeapStd_Object__DESC__C                                     
0000c8dc  xdc_runtime_LoggerBuf_Object__DESC__C                                   
0000c8fc  xdc_runtime_Startup_sfxnRts__A                                          
0000c91c  xdc_runtime_HeapStd_Object__PARAMS__C                                   
0000c938  ti_sysbios_family_arm_ducati_GateSmp_Object__PARAMS__C                  
0000c950  ti_sysbios_gates_GateHwi_Object__PARAMS__C                              
0000c968  ti_sysbios_gates_GateMutex_Object__PARAMS__C                            
0000c980  ti_sysbios_knl_Queue_Object__PARAMS__C                                  
0000c9bb  xdc_runtime_Error_policy__C                                             
0000c9bc  ti_sysbios_family_arm_m3_Hwi_excHookFuncs__A                            
0000c9c4  ti_sysbios_knl_Idle_coreList__A                                         
0000c9cc  ti_sysbios_knl_Idle_coreList__C                                         
0000c9d4  ti_sysbios_knl_Idle_funcList__A                                         
0000c9dc  ti_sysbios_knl_Idle_funcList__C                                         
0000c9e4  xdc_runtime_Startup_firstFxns__A                                        
0000c9ec  xdc_runtime_Startup_firstFxns__C                                        
0000c9f4  xdc_runtime_Startup_lastFxns__C                                         
0000c9fc  ti_sysbios_knl_Clock_Module_State_clockQ__O                             
0000ca00  ti_sysbios_knl_Clock_tickPeriod__C                                      
0000ca04  ti_sysbios_knl_Semaphore_A_badContext__C                                
0000ca08  ti_sysbios_knl_Semaphore_A_noEvents__C                                  
0000ca0c  ti_sysbios_knl_Semaphore_A_overflow__C                                  
0000ca10  ti_sysbios_knl_Semaphore_A_pendTaskDisabled__C                          
0000ca14  ti_sysbios_knl_Semaphore_Instance_State_pendQ__O                        
0000ca18  ti_sysbios_knl_Semaphore_Module__diagsEnabled__C                        
0000ca1c  ti_sysbios_knl_Semaphore_Module__diagsIncluded__C                       
0000ca20  ti_sysbios_knl_Semaphore_Module__diagsMask__C                           
0000ca24  ti_sysbios_knl_Swi_Object__count__C                                     
0000ca28  ti_sysbios_knl_Task_A_badTimeout__C                                     
0000ca2c  ti_sysbios_knl_Task_A_sleepTaskDisabled__C                              
0000ca30  ti_sysbios_knl_Task_E_spOutOfBounds__C                                  
0000ca34  ti_sysbios_knl_Task_E_stackOverflow__C                                  
0000ca38  ti_sysbios_knl_Task_Module_State_inactiveQ__O                           
0000ca3c  ti_sysbios_knl_Task_Module__diagsEnabled__C                             
0000ca40  ti_sysbios_knl_Task_Module__diagsIncluded__C                            
0000ca44  ti_sysbios_knl_Task_Module__diagsMask__C                                
0000ca48  ti_sysbios_knl_Task_Object__count__C                                    
0000ca4c  ti_sysbios_knl_Task_allBlockedFunc__C                                   
0000ca50  ti_sysbios_knl_Task_numConstructedTasks__C                              
0000ca54  ti_sysbios_knl_Task_startupHookFunc__C                                  
0000ca58  ti_sysbios_timers_dmtimer_Timer_E_cannotSupport__C                      
0000ca5c  ti_sysbios_timers_dmtimer_Timer_E_freqMismatch__C                       
0000ca60  ti_sysbios_timers_dmtimer_Timer_Module__diagsEnabled__C                 
0000ca64  ti_sysbios_timers_dmtimer_Timer_Module__diagsIncluded__C                
0000ca68  ti_sysbios_timers_dmtimer_Timer_Module__diagsMask__C                    
0000ca6c  ti_sysbios_timers_dmtimer_Timer_numTimerDevices__C                      
0000ca70  ti_trace_SysMin_bufSize__C                                              
0000ca74  xdc_runtime_Assert_E_assertFailed__C                                    
0000ca78  xdc_runtime_Core_A_initializedParams__C                                 
0000ca7c  xdc_runtime_Core_Module__diagsEnabled__C                                
0000ca80  xdc_runtime_Core_Module__diagsIncluded__C                               
0000ca84  xdc_runtime_Core_Module__diagsMask__C                                   
0000ca88  xdc_runtime_Error_E_memory__C                                           
0000ca8c  xdc_runtime_Error_Module__diagsEnabled__C                               
0000ca90  xdc_runtime_Error_Module__diagsIncluded__C                              
0000ca94  xdc_runtime_Error_Module__diagsMask__C                                  
0000ca98  xdc_runtime_Error_Module__loggerFxn8__C                                 
0000ca9c  xdc_runtime_Error_Module__loggerObj__C                                  
0000caa0  xdc_runtime_Error_policyFxn__C                                          
0000caa4  xdc_runtime_Error_raiseHook__C                                          
0000caa8  xdc_runtime_HeapStd_A_align__C                                          
0000caac  xdc_runtime_HeapStd_A_invalidTotalFreeSize__C                           
0000cab0  xdc_runtime_HeapStd_A_zeroSize__C                                       
0000cab4  xdc_runtime_HeapStd_E_noRTSMemory__C                                    
0000cab8  xdc_runtime_HeapStd_Module__diagsEnabled__C                             
0000cabc  xdc_runtime_HeapStd_Module__diagsIncluded__C                            
0000cac0  xdc_runtime_HeapStd_Module__diagsMask__C                                
0000cac4  xdc_runtime_IFilterLogger_Interface__BASE__C                            
0000cac8  xdc_runtime_IGateProvider_Interface__BASE__C                            
0000cacc  xdc_runtime_IHeap_Interface__BASE__C                                    
0000cad0  xdc_runtime_ILogger_Interface__BASE__C                                  
0000cad4  xdc_runtime_IModule_Interface__BASE__C                                  
0000cad8  xdc_runtime_Log_L_error__C                                              
0000cadc  xdc_runtime_LoggerBuf_E_badLevel__C                                     
0000cae0  xdc_runtime_LoggerBuf_Module__gateObj__C                                
0000cae4  xdc_runtime_LoggerBuf_Object__count__C                                  
0000cae8  xdc_runtime_LoggerBuf_statusLogger__C                                   
0000caec  xdc_runtime_Memory_defaultHeapInstance__C                               
0000caf0  xdc_runtime_Startup_execImpl__C                                         
0000caf4  xdc_runtime_Startup_maxPasses__C                                        
0000caf8  xdc_runtime_Startup_sfxnRts__C                                          
0000cafc  xdc_runtime_Startup_sfxnTab__C                                          
0000cb00  xdc_runtime_System_Module__gateObj__C                                   
0000cb04  xdc_runtime_System_abortFxn__C                                          
0000cb08  xdc_runtime_System_exitFxn__C                                           
0000cb0c  xdc_runtime_System_extendFxn__C                                         
0000cb10  xdc_runtime_System_maxAtexitHandlers__C                                 
0000cb14  xdc_runtime_Text_charTab__C                                             
0000cb18  xdc_runtime_Text_nameEmpty__C                                           
0000cb1c  xdc_runtime_Text_nameStatic__C                                          
0000cb20  xdc_runtime_Text_nameUnknown__C                                         
0000cb24  xdc_runtime_Text_visitRopeFxn__C                                        
0000cb28  ti_sysbios_family_arm_ducati_GateSmp_Module__id__C                      
0000cb2a  ti_sysbios_family_arm_m3_Hwi_Module__id__C                              
0000cb2c  ti_sysbios_gates_GateMutex_Module__id__C                                
0000cb2e  ti_sysbios_hal_Hwi_Module__id__C                                        
0000cb30  ti_sysbios_hal_ammu_AMMU_configureAmmu__C                               
0000cb32  ti_sysbios_hal_unicache_Cache_configureCache__C                         
0000cb34  ti_sysbios_hal_unicache_Cache_enableCache__C                            
0000cb36  ti_sysbios_hal_unicache_Cache_l2CacheSupported__C                       
0000cb38  ti_sysbios_heaps_HeapBuf_Module__id__C                                  
0000cb3a  ti_sysbios_heaps_HeapBuf_trackMaxAllocs__C                              
0000cb3c  ti_sysbios_knl_Semaphore_Module__id__C                                  
0000cb3e  ti_sysbios_knl_Task_Module__id__C                                       
0000cb40  ti_sysbios_timers_dmtimer_Timer_Module__id__C                           
0000cb42  ti_sysbios_timers_dmtimer_Timer_checkFrequency__C                       
0000cb44  ti_sysbios_timers_dmtimer_Timer_startupNeeded__C                        
0000cb46  xdc_runtime_Core_Module__id__C                                          
0000cb48  xdc_runtime_Error_Module__loggerDefined__C                              
0000cb4a  xdc_runtime_Error_maxDepth__C                                           
0000cb4c  xdc_runtime_HeapStd_Module__id__C                                       
0000cb4e  xdc_runtime_LoggerBuf_Module__id__C                                     
0000cb50  xdc_runtime_LoggerBuf_filterByLevel__C                                  
0000cb52  xdc_runtime_Memory_Module__id__C                                        
0000cb54  xdc_runtime_Text_charCnt__C                                             
0000cb56  xdc_runtime_Text_isLoaded__C                                            
0000cb58  xdc_runtime_Text_registryModsLastId__C                                  
0000cb5a  xdc_runtime_Text_unnamedModsLastId__C                                   
0000cb5c  xdc_runtime_Text_charTab__A                                             
0000cb60  __TI_static_base__                                                      
0000ce3c  __TI_Handler_Table_Base                                                 
0000ce48  __TI_Handler_Table_Limit                                                
0000ce58  __TI_CINIT_Base                                                         
0000ce70  __TI_CINIT_Limit                                                        
40000000  ti_sysbios_hal_unicache_Cache_cache                                     
40000400  ti_sysbios_family_arm_ducati_CTM_ctm                                    
40000800  ti_sysbios_hal_ammu_AMMU_mmu                                            
80000000  ti_sysbios_heaps_HeapBuf_Instance_State_0_buf__A                        
80040000  ti_sysbios_knl_Task_Instance_State_0_stack__A                           
80040800  ti_sysbios_knl_Task_Instance_State_1_stack__A                           
80041000  ti_sysbios_knl_Task_Instance_State_2_stack__A                           
80041800  ti_sysbios_family_arm_m3_Hwi_vnvic                                      
80042800  ti_sysbios_family_arm_ducati_Core_Module_State_0_core1HwiStack__A       
80042c00  ti_sysbios_family_arm_m3_Hwi_dispatchTable                              
80042d40  xdc_runtime_LoggerBuf_Instance_State_0_entryArr__A                      
80042dc8  ti_trace_SysMin_Module_State_0_lineBuffers__A                           
80042fd0  ti_sysbios_knl_Task_Module_State_0_readyQ__A                            
80043150  ti_sysbios_knl_Task_Object__table__V                                    
80043234  ti_sysbios_knl_Swi_Module_State_0_readyQ__A                             
800432b4  ti_sysbios_family_arm_m3_Hwi_Module_State_0_intAffinity__A              
80043304  ti_sysbios_family_arm_m3_Hwi_Object__table__V                           
8004334c  ti_sysbios_knl_Task_Module__state__V                                    
80043390  ti_sysbios_family_arm_ducati_Timer_Object__table__V                     
800433c4  ti_sysbios_family_arm_m3_Hwi_Module__state__V                           
800433f8  ti_sysbios_knl_Swi_Object__table__V                                     
80043428  ti_sysbios_timers_dmtimer_Timer_Module_State_0_device__A                
80043458  ti_sysbios_knl_Clock_Module__state__V                                   
80043484  ti_sysbios_heaps_HeapBuf_Object__table__V                               
800434ac  ti_sysbios_BIOS_Module__state__V                                        
800434d0  xdc_runtime_LoggerBuf_Object__table__V                                  
800434f4  ti_sysbios_knl_Task_Module_StateSmp_smpRunQ__A                          
80043514  ti_sysbios_timers_dmtimer_Timer_Module_State_0_intFreqs__A              
80043534  ti_sysbios_family_arm_ducati_GateSmp_Object__table__V                   
80043550  ti_sysbios_gates_GateMutex_Object__table__V                             
8004356c  ti_sysbios_knl_Swi_Module__state__V                                     
80043588  ti_trace_SysMin_Module__state__V                                        
800435a0  ti_sysbios_family_arm_ducati_Core_Module__state__V                      
800435b4  ti_sysbios_timers_dmtimer_Timer_Module__state__V                        
800435c8  xdc_runtime_System_Module_State_0_atexitHandlers__A                     
800435dc  ti_sysbios_timers_dmtimer_Timer_Module_State_0_handles__A               
800435ec  ti_sysbios_family_arm_ducati_Timer_Module__state__V                     
800435f8  ti_sysbios_knl_Task_Module_State_0_smpCurSet__A                         
80043604  ti_sysbios_knl_Task_Module_State_0_smpReadyQ__A                         
80043610  xdc_runtime_HeapStd_Object__table__V                                    
8004361c  _lock                                                                   
80043620  _unlock                                                                 
80043624  ti_sysbios_family_arm_ducati_GateSmp_Module__root__V                    
8004362c  ti_sysbios_family_arm_m3_Hwi_Module_State_0_excContext__A               
80043634  ti_sysbios_family_arm_m3_Hwi_Module_State_0_excStack__A                 
8004363c  ti_sysbios_family_arm_m3_Hwi_Module_State_0_intAffinityMasks_0__A       
80043644  ti_sysbios_family_arm_m3_Hwi_Module_State_0_intAffinityMasks_1__A       
8004364c  ti_sysbios_family_arm_m3_Hwi_Module_State_0_intAffinityMasks__A         
80043654  ti_sysbios_gates_GateHwi_Module__root__V                                
8004365c  ti_sysbios_gates_GateHwi_Object__table__V                               
80043664  ti_sysbios_gates_GateMutex_Module__root__V                              
8004366c  ti_sysbios_heaps_HeapBuf_Module__root__V                                
80043674  ti_sysbios_knl_Queue_Module__root__V                                    
8004367c  ti_sysbios_knl_Semaphore_Module__root__V                                
80043684  ti_sysbios_knl_Task_Module_StateSmp_sortedRunQ                          
8004368c  ti_sysbios_knl_Task_Module_State_0_idleTask__A                          
80043694  ti_sysbios_knl_Task_Module_State_0_smpCurMask__A                        
8004369c  ti_sysbios_knl_Task_Module_State_0_smpCurTask__A                        
800436a4  ti_sysbios_knl_Task_Module__stateSmp__V                                 
800436ac  xdc_runtime_HeapStd_Module__root__V                                     
800436b4  xdc_runtime_LoggerBuf_Module__root__V                                   
800436bc  xdc_runtime_Registry_Module__state__V                                   
800436c4  xdc_runtime_Startup_Module__state__V                                    
800436cc  xdc_runtime_System_Module__state__V                                     
800436d4  xdc_runtime_LoggerBuf_Module__state__V                                  
800436da  ti_sysbios_family_arm_m3_Hwi_vnvicInitialized                           
800436dc  errno                                                                   
800436e0  main_func_sp                                                            
800436e4  ti_sysbios_family_arm_ducati_TimerSupport_Module_State_0_intNums__A     
800436e8  ti_sysbios_family_arm_ducati_TimerSupport_Module__state__V              
800436ec  ti_sysbios_family_arm_m3_Hwi_Module_State_0_excActive__A                
800436f0  ti_sysbios_heaps_HeapBuf_Module__state__V                               
800436f4  xdc_runtime_HeapStd_Module__state__V                                    
800436f8  xdc_runtime_Memory_Module__state__V                                     
800436fe  ti_sysbios_BIOS_Module_State_0_smpThreadType__A                         
80043700  xdc_runtime_Error_Module__state__V                                      
80043708  __stack                                                                 
80043b08  __STACK_END                                                             
9f000000  ti_trace_SysMin_Module_State_0_outbuf__A                                
9f007ff8  ti_trace_SysMin_Module_State_0_writeidx__A                              
9f007ffc  ti_trace_SysMin_Module_State_0_readidx__A                               
e000e000  ti_sysbios_family_arm_m3_Hwi_nvic                                       
ffffffff  __TI_pprof_out_hndl                                                     
ffffffff  __TI_prof_data_size                                                     
ffffffff  __TI_prof_data_start                                                    
ffffffff  __binit__                                                               
ffffffff  __c_args__                                                              
ffffffff  binit                                                                   
UNDEFED   SHT$$INIT_ARRAY$$Base                                                   
UNDEFED   SHT$$INIT_ARRAY$$Limit                                                  

[707 symbols]
